lv_area.h:120:20:lv_area_copy	16	static
lv_area.h:133:26:lv_area_get_width	16	static
lv_area.h:143:26:lv_area_get_height	16	static
lv_mem.h:171:20:lv_memset_00	16	static
lv_draw_mask.c:77:9:lv_draw_mask_add	24	static
lv_draw_mask.c:107:42:lv_draw_mask_apply	56	static
lv_draw_mask.c:134:8:lv_draw_mask_remove_id	24	static
lv_draw_mask.c:153:8:lv_draw_mask_remove_custom	24	static
lv_draw_mask.c:173:6:lv_draw_mask_free_param	24	static
lv_draw_mask.c:189:6:_lv_draw_mask_cleanup	16	static
lv_draw_mask.c:204:31:lv_draw_mask_get_cnt	16	static
lv_draw_mask.c:214:6:lv_draw_mask_is_any	32	static
lv_draw_mask.c:250:6:lv_draw_mask_line_points_init	48	static
lv_draw_mask.c:344:6:lv_draw_mask_line_angle_init	48	static
lv_draw_mask.c:370:6:lv_draw_mask_angle_init	48	static
lv_draw_mask.c:434:6:lv_draw_mask_radius_init	40	static
lv_draw_mask.c:499:6:lv_draw_mask_fade_init	24	static
lv_draw_mask.c:518:6:lv_draw_mask_map_init	24	static
lv_draw_mask.c:530:49:lv_draw_mask_line	48	static
lv_draw_mask.c:590:49:line_mask_flat	64	static
lv_draw_mask.c:706:49:line_mask_steep	80	static
lv_draw_mask.c:848:49:lv_draw_mask_angle	104	static
lv_draw_mask.c:987:49:lv_draw_mask_radius	104	static
lv_draw_mask.c:1102:49:lv_draw_mask_fade	56	static
lv_draw_mask.c:1148:49:lv_draw_mask_map	48	static
lv_draw_mask.c:1188:13:circ_init	24	static
lv_draw_mask.c:1200:13:circ_cont	16	static
lv_draw_mask.c:1210:13:circ_next	16	static
lv_draw_mask.c:1222:13:circ_calc_aa4	96	static
lv_draw_mask.c:1369:19:get_next_line	24	static
lv_draw_mask.c:1377:46:mask_mix	16	static
