lv_color.h:615:26:lv_color_make	16	static
lv_color.h:688:26:lv_color_black	8	static
lv_area.h:120:20:lv_area_copy	16	static
lv_area.h:133:26:lv_area_get_width	16	static
lv_area.h:143:26:lv_area_get_height	16	static
lv_mem.h:171:20:lv_memset_00	16	static
lv_draw_arc.c:62:28:lv_draw_arc_dsc_init	24	static
lv_draw_arc.c:70:6:lv_draw_arc	344	static
lv_draw_arc.c:220:6:lv_draw_arc_get_area	32	static
lv_draw_arc.c:307:13:draw_quarter_0	40	static
lv_draw_arc.c:360:13:draw_quarter_1	40	static
lv_draw_arc.c:413:13:draw_quarter_2	40	static
lv_draw_arc.c:466:13:draw_quarter_3	40	static
lv_draw_arc.c:519:13:get_rounded_area	56	static
