lv_color.h:459:48:lv_color_mix	32	static
lv_color.h:487:42:lv_color_premult	16	static
lv_color.h:512:48:lv_color_mix_premult	24	static
lv_color.h:615:26:lv_color_make	16	static
lv_color.h:688:26:lv_color_black	8	static
lv_area.h:133:26:lv_area_get_width	16	static
lv_area.h:143:26:lv_area_get_height	16	static
lv_mem.h:139:22:lv_memcpy	24	static
lv_draw_blend.c:125:28:_lv_blend_fill	72	static
lv_draw_blend.c:182:28:_lv_blend_map	88	static
lv_draw_blend.c:236:13:fill_set_px	80	static
lv_draw_blend.c:290:35:fill_normal	120	static
lv_draw_blend.c:498:13:fill_blended	72	static
lv_draw_blend.c:575:13:map_set_px	88	static
lv_draw_blend.c:639:35:map_normal	80	static
lv_draw_blend.c:873:13:map_blended	72	static
lv_draw_blend.c:946:26:color_blend_true_color_additive	24	static
lv_draw_blend.c:997:26:color_blend_true_color_subtractive	24	static
