lv_color.h:615:26:lv_color_make	16	static
lv_color.h:688:26:lv_color_black	8	static
lv_area.h:133:26:lv_area_get_width	16	static
lv_font.h:118:26:lv_font_get_line_height	16	static
lv_bidi.h:129:20:lv_bidi_calculate_align	24	static
lv_mem.h:150:22:lv_memcpy_small	24	static
lv_mem.h:171:20:lv_memset_00	16	static
lv_draw_label.c:91:28:lv_draw_label_dsc_init	24	static
lv_draw_label.c:113:28:lv_draw_label	280	static
lv_draw_label.c:403:28:lv_draw_letter	72	static
lv_draw_label.c:460:35:draw_letter_normal	168	static
lv_draw_label.c:830:16:hex_char_to_num	24	static
