lv_color.h:459:48:lv_color_mix	32	static
lv_color.h:615:26:lv_color_make	16	static
lv_color.h:687:26:lv_color_white	8	static
lv_color.h:688:26:lv_color_black	8	static
lv_area.h:120:20:lv_area_copy	16	static
lv_area.h:133:26:lv_area_get_width	16	static
lv_area.h:143:26:lv_area_get_height	16	static
lv_mem.h:139:22:lv_memcpy	24	static
lv_mem.h:161:20:lv_memset	24	static
lv_mem.h:171:20:lv_memset_00	16	static
lv_mem.h:181:20:lv_memset_ff	16	static
lv_draw_rect.c:75:28:lv_draw_rect_dsc_init	24	static
lv_draw_rect.c:98:6:lv_draw_rect	24	static
lv_draw_rect.c:119:35:draw_bg	160	static
lv_draw_rect.c:310:35:draw_bg_img	144	static
lv_draw_rect.c:374:35:draw_border	72	static
lv_draw_rect.c:405:48:grad_get	32	static
lv_draw_rect.c:420:35:draw_shadow	208	static
lv_draw_rect.c:867:35:shadow_draw_corner_buf	128	static
lv_draw_rect.c:954:35:shadow_blur_corner	80	static
lv_draw_rect.c:1029:13:draw_outline	88	static
lv_draw_rect.c:1069:6:draw_border_generic	160	static
lv_draw_rect.c:1286:13:draw_border_simple	56	static
