lv_span.c:564:13:lv_spangroup_destructor	16	static
lv_span.c:551:13:lv_spangroup_constructor	8	static
lv_span.c:92:12:lv_spangroup_create	8	static
lv_span.c:104:13:lv_spangroup_new_span	16	static
lv_span.c:129:6:lv_spangroup_del_span	24	static
lv_span.c:161:6:lv_span_set_text	16	static
lv_span.c:185:6:lv_span_set_text_static	16	static
lv_span.c:205:6:lv_spangroup_set_align	0	static
lv_span.c:215:6:lv_spangroup_set_overflow	4	static
lv_span.c:229:6:lv_spangroup_set_indent	8	static
lv_span.c:269:13:lv_spangroup_get_child	16	static
lv_span.c:310:10:lv_spangroup_get_child_cnt	0	static
lv_span.c:327:17:lv_spangroup_get_align	8	static
lv_span.c:337:20:lv_spangroup_get_overflow	0	static
lv_span.c:348:12:lv_spangroup_get_indent	0	static
lv_span.c:359:16:lv_spangroup_get_mode	0	static
lv_span.c:406:12:lv_spangroup_get_max_line_h	32	static
lv_span.c:427:12:lv_spangroup_get_expand_width	56	static
lv_span.c:458:12:lv_spangroup_get_expand_height	104	static
lv_span.c:580:13:lv_spangroup_event	200	static
lv_span.c:369:6:lv_spangroup_refr_mode	8	static
lv_span.c:244:6:lv_spangroup_set_mode	8	static
