lv_color.h:615:26:lv_color_make	16	static
lv_color.h:687:26:lv_color_white	8	static
lv_color.h:688:26:lv_color_black	8	static
lv_style.h:353:24:lv_style_get_prop_inlined	48	static
lv_mem.h:171:20:lv_memset_00	16	static
lv_style.c:40:6:lv_style_init	16	static
lv_style.c:54:6:lv_style_reset	16	static
lv_style.c:71:17:lv_style_register_prop	4	static
lv_style.c:78:6:lv_style_remove_prop	56	static
lv_style.c:137:6:lv_style_set_prop	80	static
lv_style.c:208:10:lv_style_get_prop	24	static
lv_style.c:213:6:lv_style_transition_dsc_init	24	static
lv_style.c:227:18:lv_style_prop_get_default	24	static
lv_style.c:280:6:lv_style_is_empty	16	static
lv_style.c:287:9:_lv_style_get_prop_group	24	static
