lv_color.h:615:26:lv_color_make	16	static
lv_obj_pos.h:186:20:lv_obj_center	16	static
lv_obj_style.h:218:20:lv_obj_set_style_size	24	static
lv_obj.h:261:20:lv_obj_set_user_data	16	static
lv_obj.h:315:22:lv_obj_get_user_data	16	static
lv_disp.h:186:20:lv_scr_load	16	static
lv_slider.h:84:20:lv_slider_set_value	24	static
lv_slider.h:106:20:lv_slider_set_range	24	static
lv_slider.h:130:23:lv_slider_get_value	16	static
dsp.c:15:6:start_dsp	224	static
dsp.c:75:6:dsp_add_fx	24	static
dsp.c:90:6:dsp_menu_cb	32	static
dsp.c:106:6:dsp_new_project	8	static
dsp.c:113:6:dsp_open_project	8	static
dsp.c:125:6:dsp_open_edit	288	static
dsp.c:493:6:dsp_change_fx	32	static
dsp.c:501:6:dsp_refresh_fx_slider	32	static
dsp.c:509:6:dsp_refresh_fx_list	32	static
dsp.c:518:6:dsp_refresh_fx_roller	32	static
dsp.c:527:6:dsp_close_edit	8	static
dsp.c:534:6:dsp_filter_response_refresh	48	static
dsp.c:545:6:dsp_sidechain_response_refresh	24	static
dsp.c:555:6:dsp_fir_calc	96	static
