lv_api_map.h:35:51:lv_task_handler	8	static
main.c:89:6:my_disp_flush	24	static
main.c:95:6:my_touchpad_read	16	static
main.c:116:5:main	48	static,ignoring_inline_asm
main.c:237:6:SystemClock_Config	120	static
main.c:296:6:PeriphCommonClock_Config	200	static
main.c:325:13:MX_ADC1_Init	48	static
main.c:390:13:MX_I2S1_Init	8	static
main.c:426:13:MX_I2S2_Init	8	static
main.c:462:13:MX_SPI4_Init	8	static
main.c:510:13:MX_TIM12_Init	56	static
main.c:562:13:MX_TIM13_Init	40	static
main.c:608:13:MX_TIM14_Init	40	static
main.c:653:13:MX_TIM16_Init	80	static
main.c:715:13:MX_TIM17_Init	80	static
main.c:777:13:MX_GPIO_Init	56	static
main.c:902:6:HAL_TIM_PeriodElapsedCallback	16	static
main.c:922:6:Error_Handler	4	static
