user_setting.h:52:6:delay	16	static
tft.c:11:6:PIN_LOW	16	static
tft.c:15:6:PIN_HIGH	16	static
tft.c:19:6:PIN_INPUT	40	static
tft.c:28:6:PIN_OUTPUT	40	static
tft.c:38:6:PIN_ANALOG	56	static
tft.c:50:10:analogRead	8	static
tft.c:105:10:width	4	static
tft.c:109:10:height	4	static
tft.c:126:17:color565_to_555	16	static
tft.c:129:17:color555_to_565	16	static
tft.c:132:16:color565_to_r	16	static
tft.c:135:16:color565_to_g	16	static
tft.c:138:16:color565_to_b	16	static
tft.c:142:10:color565	16	static
tft.c:145:10:readPixel	32	static
tft.c:158:6:WriteCmdData	16	static
tft.c:169:6:pushCommand	16	static
tft.c:202:6:setReadDir	8	static
tft.c:213:6:setWriteDir	8	static
tft.c:226:6:drawScreen	32	static
tft.c:250:13:pushColors_any	40	static
tft.c:290:13:write24	24	static
tft.c:299:13:writecmddata	24	static
tft.c:306:13:WriteCmdParamN	24	static
tft.c:320:20:WriteCmdParam4	32	static
tft.c:329:13:init_table	48	static
tft.c:348:13:init_table16	24	static
tft.c:362:6:readTouch	56	static
tft.c:423:6:reset	8	static
tft.c:439:17:read16bits	16	static
tft.c:447:10:readReg	24	static
tft.c:466:10:readReg32	24	static
tft.c:472:10:readReg40	24	static
tft.c:479:6:tft_init	40	static
tft.c:1237:10:readID	24	static
tft.c:1335:9:readGRAM	56	static
tft.c:1400:6:setRotation	40	static
tft.c:1521:6:drawPixel	32	static
tft.c:1540:6:setAddrWindow	40	static
tft.c:1590:6:vertScroll	32	static
tft.c:1669:6:pushColors16b	24	static
tft.c:1672:6:pushColors8b	24	static
tft.c:1675:6:pushColors4n	24	static
tft.c:1680:6:fillScreen	24	static
tft.c:1684:6:invertDisplay	24	static
tft.c:1730:6:drawFastVLine	32	static
tft.c:1733:6:drawFastHLine	32	static
tft.c:1737:6:writePixel	16	static
tft.c:1741:6:writeLine	48	static
tft.c:1780:6:drawLine	40	static
tft.c:1794:6:drawCircle	40	static
tft.c:1827:6:drawCircleHelper	40	static
tft.c:1863:6:fillCircle	32	static
tft.c:1868:6:fillCircleHelper	40	static
tft.c:1909:6:drawRect	24	static
tft.c:1916:6:fillRect	32	static
tft.c:1965:6:drawRoundRect	40	static
tft.c:1982:6:fillRoundRect	40	static
tft.c:1994:6:drawTriangle	32	static
tft.c:2001:6:fillTriangle	72	static
tft.c:2082:6:setTextWrap	16	static
tft.c:2086:6:setTextColor	16	static
tft.c:2090:6:setTextSize	16	static
tft.c:2094:6:setCursor	16	static
tft.c:2099:9:getRotation	4	static
tft.c:2103:6:scrollup	24	static
tft.c:2119:6:scrolldown	24	static
