lv_anim_timeline.c:50:22:lv_anim_timeline_create	8	static
lv_anim_timeline.c:61:6:lv_anim_timeline_del	16	static
lv_anim_timeline.c:71:6:lv_anim_timeline_add	16	static
lv_anim_timeline.c:84:10:lv_anim_timeline_start	96	static
lv_anim_timeline.c:111:6:lv_anim_timeline_stop	16	static
lv_anim_timeline.c:121:6:lv_anim_timeline_set_reverse	0	static
lv_anim_timeline.c:127:6:lv_anim_timeline_set_progress	24	static
lv_anim_timeline.c:154:10:lv_anim_timeline_get_playtime	4	static
lv_anim_timeline.c:169:6:lv_anim_timeline_get_reverse	0	static
