lv_mem.c:535:13:lv_mem_walker	4	static
lv_mem.c:84:6:lv_mem_init	8	static
lv_mem.c:110:6:lv_mem_deinit	8	static
lv_mem.c:123:8:lv_mem_alloc	48	static
lv_mem.c:158:6:lv_mem_free	0	static
lv_mem.c:181:8:lv_mem_realloc	48	static
lv_mem.c:206:10:lv_mem_test	8	static
lv_mem.c:261:8:lv_mem_buf_get	56	static
lv_mem.c:316:6:lv_mem_buf_release	0	static
lv_mem.c:333:6:lv_mem_buf_free_all	32	static
lv_mem.c:352:30:lv_memcpy	80	static
lv_mem.c:414:28:lv_memset	16	static
lv_mem.c:233:6:lv_mem_monitor	8	static
lv_mem.c:457:28:lv_memset_00	16	static
lv_mem.c:495:28:lv_memset_ff	16	static
