lv_timer.c:54:6:_lv_timer_core_init	8	static
lv_timer.c:66:37:lv_timer_handler	48	static
lv_timer.c:149:14:lv_timer_create_basic	16	static
lv_timer.c:163:14:lv_timer_create	24	static
lv_timer.c:188:6:lv_timer_set_cb	0	static
lv_timer.c:197:6:lv_timer_del	8	static
lv_timer.c:209:6:lv_timer_pause	0	static
lv_timer.c:214:6:lv_timer_resume	0	static
lv_timer.c:224:6:lv_timer_set_period	0	static
lv_timer.c:233:6:lv_timer_ready	8	static
lv_timer.c:243:6:lv_timer_set_repeat_count	0	static
lv_timer.c:253:6:lv_timer_reset	8	static
lv_timer.c:262:6:lv_timer_enable	0	static
lv_timer.c:271:9:lv_timer_get_idle	0	static
lv_timer.c:281:14:lv_timer_get_next	0	static
