lv_tlsf.c:669:24:block_split	16	static
lv_tlsf.c:849:13:integrity_walker	4	static
lv_tlsf.c:920:13:default_walker	0	static
lv_tlsf.c:716:24:block_merge_next	28	static
lv_tlsf.c:805:14:block_prepare_used.part.0	24	static
lv_tlsf.c:866:5:lv_tlsf_check	36	static
lv_tlsf.c:926:6:lv_tlsf_walk_pool	24	static
lv_tlsf.c:943:8:lv_tlsf_block_size	0	static
lv_tlsf.c:954:5:lv_tlsf_check_pool	24	static
lv_tlsf.c:967:8:lv_tlsf_size	0	static
lv_tlsf.c:972:8:lv_tlsf_align_size	0	static
lv_tlsf.c:977:8:lv_tlsf_block_size_min	0	static
lv_tlsf.c:982:8:lv_tlsf_block_size_max	0	static
lv_tlsf.c:992:8:lv_tlsf_pool_overhead	0	static
lv_tlsf.c:997:8:lv_tlsf_alloc_overhead	0	static
lv_tlsf.c:1002:11:lv_tlsf_add_pool	16	static
lv_tlsf.c:1051:6:lv_tlsf_remove_pool	12	static
lv_tlsf.c:1098:11:lv_tlsf_create	24	static
lv_tlsf.c:1119:11:lv_tlsf_create_with_pool	24	static
lv_tlsf.c:1126:6:lv_tlsf_destroy	0	static
lv_tlsf.c:1132:11:lv_tlsf_get_pool	0	static
lv_tlsf.c:1137:7:lv_tlsf_malloc	16	static
lv_tlsf.c:1145:7:lv_tlsf_memalign	24	static
lv_tlsf.c:1202:6:lv_tlsf_free	32	static
lv_tlsf.c:1230:7:lv_tlsf_realloc	32	static
