lv_txt.c:545:16:lv_txt_utf8_size	0	static
lv_txt.c:624:17:lv_txt_utf8_next	24	static
lv_txt.c:732:17:lv_txt_utf8_get_byte_id	24	static
lv_txt.c:751:17:lv_txt_utf8_get_char_id	32	static
lv_txt.c:770:17:lv_txt_utf8_get_length	32	static
lv_txt.c:596:17:lv_txt_utf8_conv_wc	0	static
lv_txt.c:563:17:lv_txt_unicode_to_utf8	8	static
lv_txt.c:699:17:lv_txt_utf8_prev	32	static
lv_txt.c:402:6:_lv_txt_is_cmd	0	static
lv_txt.c:295:10:_lv_txt_get_next_line	104	static
lv_txt.c:440:6:_lv_txt_ins	24	static
lv_txt.c:466:6:_lv_txt_cut	24	static
lv_txt.c:486:34:_lv_txt_set_text_vfmt	32	static
lv_txt.c:529:6:_lv_txt_encoded_letter_next_2	24	static
lv_txt.c:355:12:lv_txt_get_width	48	static
lv_txt.c:96:6:lv_txt_get_size	64	static
