lv_calendar.c:304:16:get_month_length	0	static
lv_calendar.c:261:13:draw_part_begin_event_cb	16	static
lv_calendar.c:337:16:get_day_of_week.constprop	8	static
lv_calendar.c:351:13:highlight_update	24	static
lv_calendar.c:57:12:lv_calendar_create	8	static
lv_calendar.c:69:6:lv_calendar_set_day_names	0	static
lv_calendar.c:78:6:lv_calendar_set_today_date	4	static
lv_calendar.c:88:6:lv_calendar_set_highlighted_dates	0	static
lv_calendar.c:99:6:lv_calendar_set_showed_date	32	static
lv_calendar.c:217:13:lv_calendar_constructor	24	static
lv_calendar.c:156:28:lv_calendar_get_today_date	0	static
lv_calendar.c:167:28:lv_calendar_get_showed_date	0	static
lv_calendar.c:178:22:lv_calendar_get_highlighted_dates	0	static
lv_calendar.c:184:10:lv_calendar_get_highlighted_dates_num	0	static
lv_calendar.c:190:10:lv_calendar_get_pressed_date	16	static
