lv_anim.h:119:20:lv_anim_set_var	16	static
lv_anim.h:131:20:lv_anim_set_exec_cb	16	static
lv_anim.h:141:20:lv_anim_set_time	16	static
lv_anim.h:162:20:lv_anim_set_values	24	static
lv_anim.h:189:20:lv_anim_set_path_cb	16	static
lv_obj_pos.h:186:20:lv_obj_center	16	static
lv_obj_style_gen.h:1:26:lv_obj_get_style_width	24	static
lv_obj_style.h:196:20:lv_obj_set_style_pad_all	24	static
lv_obj_style.h:218:20:lv_obj_set_style_size	24	static
lv_disp.h:163:26:lv_scr_act	8	static
lv_slider.h:106:20:lv_slider_set_range	24	static
lv_slider.h:130:23:lv_slider_get_value	16	static
lv_example_anim_3.c:37:6:lv_example_anim_3	24	static
lv_example_anim_3.c:65:16:anim_path_bezier3_cb	40	static
lv_example_anim_3.c:76:13:refer_chart_cubic_bezier	40	static
lv_example_anim_3.c:86:13:anim_x_cb	16	static
lv_example_anim_3.c:91:13:run_btn_event_handler	24	static
lv_example_anim_3.c:99:13:slider_event_cb	40	static
lv_example_anim_3.c:120:13:page_obj_init	48	static
