lv_obj_style_gen.h:103:26:lv_obj_get_style_pad_left	8	static
lv_obj_style_gen.h:1:26:lv_obj_get_style_width	8	static
lv_obj_style_gen.h:121:26:lv_obj_get_style_pad_column	8	static
lv_obj_style_gen.h:91:26:lv_obj_get_style_pad_top	8	static
lv_chart.c:663:13:lv_chart_destructor	16	static
lv_chart.c:632:13:lv_chart_constructor	8	static
lv_chart.c:1676:13:new_points_alloc.isra.1	24	static
lv_obj_style_gen.h:295:26:lv_obj_get_style_border_width.constprop	8	static
lv_chart.c:1614:13:invalidate_point	40	static
lv_chart.c:64:12:lv_chart_create	8	static
lv_chart.c:72:6:lv_chart_set_type	24	static
lv_chart.c:101:6:lv_chart_set_point_count	24	static
lv_chart.c:125:6:lv_chart_set_range	0	static
lv_chart.c:157:6:lv_chart_set_update_mode	4	static
lv_chart.c:168:6:lv_chart_set_div_line_count	0	static
lv_chart.c:182:6:lv_chart_set_zoom_x	8	static
lv_chart.c:196:6:lv_chart_set_zoom_y	8	static
lv_chart.c:210:10:lv_chart_get_zoom_x	0	static
lv_chart.c:218:10:lv_chart_get_zoom_y	0	static
lv_chart.c:242:17:lv_chart_get_type	0	static
lv_chart.c:250:10:lv_chart_get_point_count	0	static
lv_chart.c:258:10:lv_chart_get_x_start_point	0	static
lv_chart.c:266:6:lv_chart_get_point_pos_by_id	64	static
lv_chart.c:318:6:lv_chart_refresh	0	static
lv_chart.c:329:21:lv_chart_add_series	24	static
lv_chart.c:372:6:lv_chart_remove_series	16	static
lv_chart.c:386:6:lv_chart_hide_series	0	static
lv_chart.c:396:6:lv_chart_set_series_color	0	static
lv_chart.c:405:6:lv_chart_set_x_start_point	0	static
lv_chart.c:415:21:lv_chart_get_series_next	0	static
lv_chart.c:435:22:lv_chart_add_cursor	16	static
lv_chart.c:461:6:lv_chart_set_cursor_pos	0	static
lv_chart.c:480:6:lv_chart_set_cursor_point	16	static
lv_chart.c:498:12:lv_chart_get_cursor_point	8	static
lv_chart.c:511:6:lv_chart_set_all_value	12	static
lv_chart.c:525:6:lv_chart_set_next_value	16	static
lv_chart.c:537:6:lv_chart_set_next_value2	16	static
lv_chart.c:558:6:lv_chart_set_value_by_id	0	static
lv_chart.c:568:6:lv_chart_set_value_by_id2	8	static
lv_chart.c:584:6:lv_chart_set_ext_y_array	16	static
lv_chart.c:595:6:lv_chart_set_ext_x_array	16	static
lv_chart.c:606:14:lv_chart_get_y_array	0	static
lv_chart.c:614:14:lv_chart_get_x_array	0	static
lv_chart.c:622:10:lv_chart_get_pressed_point	0	static
lv_chart.c:1722:23:get_tick_gsc	0	static
lv_chart.c:1325:13:draw_y_ticks	240	static
lv_chart.c:1453:13:draw_x_ticks	232	static
lv_chart.c:683:13:lv_chart_event	352	static
lv_chart.c:226:6:lv_chart_set_axis_tick	32	static
