dsp.c:74:6:dsp_add_fx	24	static
dsp.c:11:6:start_dsp	248	static
dsp.c:113:6:dsp_new_project	8	static
dsp.c:534:6:dsp_close_edit	8	static
dsp.c:89:6:dsp_menu_cb	24	static
dsp.c:120:6:dsp_open_project	8	static
dsp.c:541:6:dsp_filter_response_refresh	80	static
dsp.c:552:6:dsp_sidechain_response_refresh	64	static
dsp.c:562:6:dsp_fir_calc	240	static
dsp.c:132:6:dsp_open_edit	400	static
dsp.c:500:6:dsp_change_fx	16	static
dsp.c:508:6:dsp_refresh_fx_slider	16	static
dsp.c:516:6:dsp_refresh_fx_list	16	static
dsp.c:525:6:dsp_refresh_fx_roller	16	static
