dsp.c:72:6:dsp_add_fx	24	static
dsp.c:11:6:start_dsp	248	static
dsp.c:111:6:dsp_new_project	8	static
dsp.c:532:6:dsp_close_edit	8	static
dsp.c:87:6:dsp_menu_cb	24	static
dsp.c:118:6:dsp_open_project	8	static
dsp.c:539:6:dsp_filter_response_refresh	80	static
dsp.c:550:6:dsp_sidechain_response_refresh	64	static
dsp.c:560:6:dsp_fir_calc	240	static
dsp.c:130:6:dsp_open_edit	400	static
dsp.c:498:6:dsp_change_fx	16	static
dsp.c:506:6:dsp_refresh_fx_slider	16	static
dsp.c:514:6:dsp_refresh_fx_list	16	static
dsp.c:523:6:dsp_refresh_fx_roller	16	static
