system.c:15:6:empty_void	8	static
system.c:101:6:start_app	16	static
system.c:19:6:direct_pass	16	static
system.c:26:10:float_to_int24	0	static
system.c:32:7:int24_to_float	0	static
system.c:38:6:Serial_printstr	24	dynamic
system.c:44:6:Serial_printint	24	static
system.c:50:6:Serial_printlnstr	16	dynamic
system.c:56:6:Serial_printlnint	24	static
system.c:69:6:reset_scr	8	static
system.c:113:6:sys_status_refresh	64	static
system.c:77:6:start_main	32	static
system.c:62:6:reset_app	8	static
system.c:152:6:logo_screen	16	static
system.c:181:6:play_startup_sound	16	static
