system.c:15:6:empty_void	8	static
system.c:103:6:start_app	16	static
system.c:19:6:direct_pass	16	static
system.c:26:10:float_to_int24	0	static
system.c:34:7:int24_to_float	0	static
system.c:40:6:Serial_printstr	24	dynamic
system.c:46:6:Serial_printint	24	static
system.c:52:6:Serial_printlnstr	16	dynamic
system.c:58:6:Serial_printlnint	24	static
system.c:71:6:reset_scr	8	static
system.c:115:6:sys_status_refresh	64	static
system.c:79:6:start_main	32	static
system.c:64:6:reset_app	8	static
system.c:154:6:logo_screen	16	static
system.c:183:6:play_startup_sound	16	static
