tft.c:299:13:writecmddata	48	static
tft.c:306:13:WriteCmdParamN	40	static
tft.c:439:17:read16bits	24	static
tft.c:290:13:write24	40	static
tft.c:250:13:pushColors_any	48	static
user_setting.h:52:6:delay	0	static
tft.c:11:6:PIN_LOW	0	static
tft.c:15:6:PIN_HIGH	0	static
tft.c:19:6:PIN_INPUT	32	static
tft.c:28:6:PIN_OUTPUT	40	static
tft.c:38:6:PIN_ANALOG	56	static
tft.c:50:10:analogRead	8	static
tft.c:105:10:width	0	static
tft.c:109:10:height	0	static
tft.c:142:10:color565	0	static
tft.c:158:6:WriteCmdData	0	static
tft.c:169:6:pushCommand	0	static
tft.c:202:6:setReadDir	40	static
tft.c:213:6:setWriteDir	48	static
tft.c:362:6:readTouch	72	static
tft.c:423:6:reset	56	static
tft.c:447:10:readReg.constprop	32	static
tft.c:447:10:readReg.constprop	32	static
tft.c:447:10:readReg	40	static
tft.c:466:10:readReg32	16	static
tft.c:472:10:readReg40	40	static
tft.c:1237:10:readID	48	static
tft.c:1540:6:setAddrWindow	56	static
tft.c:226:6:drawScreen	64	static
tft.c:1335:9:readGRAM	96	static
tft.c:145:10:readPixel	24	static
tft.c:1521:6:drawPixel.part.0	16	static
tft.c:1521:6:drawPixel	8	static
tft.c:1590:6:vertScroll	48	static
tft.c:1400:6:setRotation	64	static
tft.c:1669:6:pushColors16b	24	static
tft.c:1672:6:pushColors8b	24	static
tft.c:1675:6:pushColors4n	24	static
tft.c:1684:6:invertDisplay	48	static
tft.c:479:6:tft_init	80	static
tft.c:1737:6:writePixel	8	static
tft.c:1741:6:writeLine	40	static
tft.c:1794:6:drawCircle	72	static
tft.c:1827:6:drawCircleHelper	72	static
tft.c:1916:6:fillRect	72	static
tft.c:1680:6:fillScreen	16	static
tft.c:1730:6:drawFastVLine	16	static
tft.c:1868:6:fillCircleHelper	80	static
tft.c:1733:6:drawFastHLine	16	static
tft.c:1780:6:drawLine	40	static
tft.c:1909:6:drawRect	32	static
tft.c:1863:6:fillCircle	80	static
tft.c:1965:6:drawRoundRect	80	static
tft.c:1982:6:fillRoundRect	88	static
tft.c:1994:6:drawTriangle	40	static
tft.c:2001:6:fillTriangle	88	static
tft.c:2082:6:setTextWrap	0	static
tft.c:2086:6:setTextColor	0	static
tft.c:2090:6:setTextSize	0	static
tft.c:2094:6:setCursor	0	static
tft.c:2099:9:getRotation	0	static
tft.c:2103:6:scrollup	88	static
tft.c:2119:6:scrolldown	88	static
