lv_color.h:459:48:lv_color_mix	8	static
lv_color.h:687:26:lv_color_white	0	static
lv_theme_default.c:604:13:theme_apply	24	static
lv_theme_default.c:193:19:grey_filter_cb	16	static
lv_theme_default.c:187:19:dark_color_filter_cb	0	static
lv_style.h:447:20:lv_style_set_size	16	static
lv_style.h:425:20:lv_style_set_pad_all	16	static
lv_theme_default.c:1011:13:style_init_reset	0	static
lv_disp.h:236:26:lv_disp_dpx.part.1	16	static
lv_theme_default.c:565:14:lv_theme_default_init	56	static
lv_theme_default.c:598:6:lv_theme_default_is_inited	0	static
