usbd_conf.c:66:6:HAL_PCD_MspInit	40	static
usbd_conf.c:99:6:HAL_PCD_MspDeInit	8	static
usbd_conf.c:132:6:HAL_PCD_SetupStageCallback	0	static
usbd_conf.c:147:6:HAL_PCD_DataOutStageCallback	0	static
usbd_conf.c:162:6:HAL_PCD_DataInStageCallback	0	static
usbd_conf.c:176:6:HAL_PCD_SOFCallback	0	static
usbd_conf.c:190:6:HAL_PCD_ResetCallback	8	static
usbd_conf.c:223:6:HAL_PCD_SuspendCallback	8	static
usbd_conf.c:248:6:HAL_PCD_ResumeCallback	0	static
usbd_conf.c:266:6:HAL_PCD_ISOOUTIncompleteCallback	0	static
usbd_conf.c:281:6:HAL_PCD_ISOINIncompleteCallback	0	static
usbd_conf.c:295:6:HAL_PCD_ConnectCallback	0	static
usbd_conf.c:309:6:HAL_PCD_DisconnectCallback	0	static
usbd_conf.c:324:20:USBD_LL_Init	8	static
usbd_conf.c:375:20:USBD_LL_DeInit	8	static
usbd_conf.c:392:20:USBD_LL_Start	8	static
usbd_conf.c:409:20:USBD_LL_Stop	8	static
usbd_conf.c:429:20:USBD_LL_OpenEP	8	static
usbd_conf.c:447:20:USBD_LL_CloseEP	8	static
usbd_conf.c:465:20:USBD_LL_FlushEP	8	static
usbd_conf.c:483:20:USBD_LL_StallEP	8	static
usbd_conf.c:501:20:USBD_LL_ClearStallEP	8	static
usbd_conf.c:519:9:USBD_LL_IsStallEP	0	static
usbd_conf.c:539:20:USBD_LL_SetUSBAddress	8	static
usbd_conf.c:559:20:USBD_LL_Transmit	8	static
usbd_conf.c:579:20:USBD_LL_PrepareReceive	8	static
usbd_conf.c:597:10:USBD_LL_GetRxDataSize	0	static
usbd_conf.c:607:6:USBD_LL_Delay	0	static
usbd_conf.c:617:20:USBD_Get_USB_Status	0	static
