usbd_conf.c:67:6:HAL_PCD_MspInit	240	static
usbd_conf.c:112:6:HAL_PCD_MspDeInit	8	static
usbd_conf.c:145:6:HAL_PCD_SetupStageCallback	0	static
usbd_conf.c:160:6:HAL_PCD_DataOutStageCallback	0	static
usbd_conf.c:175:6:HAL_PCD_DataInStageCallback	0	static
usbd_conf.c:189:6:HAL_PCD_SOFCallback	0	static
usbd_conf.c:203:6:HAL_PCD_ResetCallback	8	static
usbd_conf.c:236:6:HAL_PCD_SuspendCallback	8	static
usbd_conf.c:261:6:HAL_PCD_ResumeCallback	0	static
usbd_conf.c:279:6:HAL_PCD_ISOOUTIncompleteCallback	0	static
usbd_conf.c:294:6:HAL_PCD_ISOINIncompleteCallback	0	static
usbd_conf.c:308:6:HAL_PCD_ConnectCallback	0	static
usbd_conf.c:322:6:HAL_PCD_DisconnectCallback	0	static
usbd_conf.c:337:20:USBD_LL_Init	16	static
usbd_conf.c:390:20:USBD_LL_DeInit	8	static
usbd_conf.c:407:20:USBD_LL_Start	8	static
usbd_conf.c:424:20:USBD_LL_Stop	8	static
usbd_conf.c:444:20:USBD_LL_OpenEP	8	static
usbd_conf.c:462:20:USBD_LL_CloseEP	8	static
usbd_conf.c:480:20:USBD_LL_FlushEP	8	static
usbd_conf.c:498:20:USBD_LL_StallEP	8	static
usbd_conf.c:516:20:USBD_LL_ClearStallEP	8	static
usbd_conf.c:534:9:USBD_LL_IsStallEP	0	static
usbd_conf.c:554:20:USBD_LL_SetUSBAddress	8	static
usbd_conf.c:574:20:USBD_LL_Transmit	8	static
usbd_conf.c:594:20:USBD_LL_PrepareReceive	8	static
usbd_conf.c:612:10:USBD_LL_GetRxDataSize	0	static
usbd_conf.c:621:7:USBD_static_malloc	0	static
usbd_conf.c:632:6:USBD_static_free	0	static
usbd_conf.c:642:6:USBD_LL_Delay	0	static
usbd_conf.c:652:20:USBD_Get_USB_Status	0	static
