lv_mem.h:171:20:lv_memset_00	0	static
lv_draw_mask.c:1377:46:mask_mix	0	static
lv_draw_mask.c:1148:49:lv_draw_mask_map	24	static
lv_draw_mask.c:530:49:lv_draw_mask_line	32	static
lv_draw_mask.c:848:49:lv_draw_mask_angle	40	static
lv_draw_mask.c:987:49:lv_draw_mask_radius	48	static
lv_draw_mask.c:1102:49:lv_draw_mask_fade	24	static
lv_draw_mask.c:77:9:lv_draw_mask_add	16	static
lv_draw_mask.c:107:42:lv_draw_mask_apply	48	static
lv_draw_mask.c:134:8:lv_draw_mask_remove_id	0	static
lv_draw_mask.c:153:8:lv_draw_mask_remove_custom	24	static
lv_draw_mask.c:173:6:lv_draw_mask_free_param	8	static
lv_draw_mask.c:189:6:_lv_draw_mask_cleanup	16	static
lv_draw_mask.c:204:31:lv_draw_mask_get_cnt	0	static
lv_draw_mask.c:214:6:lv_draw_mask_is_any	16	static
lv_draw_mask.c:250:6:lv_draw_mask_line_points_init	32	static
lv_draw_mask.c:344:6:lv_draw_mask_line_angle_init	32	static
lv_draw_mask.c:370:6:lv_draw_mask_angle_init	32	static
lv_draw_mask.c:434:6:lv_draw_mask_radius_init	112	static
lv_draw_mask.c:499:6:lv_draw_mask_fade_init	8	static
lv_draw_mask.c:518:6:lv_draw_mask_map_init	0	static
