lv_obj_tree.c:431:31:walk_core	24	static
lv_obj_tree.c:365:13:obj_del_core	24	static
lv_obj_tree.c:358:13:lv_obj_del_async_cb	24	static
lv_obj_tree.c:121:6:lv_obj_del_anim_ready_cb	24	static
lv_obj_tree.c:47:6:lv_obj_del	24	static
lv_obj_tree.c:85:6:lv_obj_clean	8	static
lv_obj_tree.c:109:6:lv_obj_del_delayed	88	static
lv_obj_tree.c:126:6:lv_obj_del_async	0	static
lv_obj_tree.c:132:6:lv_obj_set_parent	48	static
lv_obj_tree.c:198:6:lv_obj_move_foreground	24	static
lv_obj_tree.c:218:6:lv_obj_move_background	16	static
lv_obj_tree.c:238:6:lv_obj_swap	24	static
lv_obj_tree.c:263:12:lv_obj_get_screen	0	static
lv_obj_tree.c:278:13:lv_obj_get_disp	24	static
lv_obj_tree.c:299:12:lv_obj_get_parent	0	static
lv_obj_tree.c:307:12:lv_obj_get_child	0	static
lv_obj_tree.c:326:10:lv_obj_get_child_cnt	0	static
lv_obj_tree.c:333:10:lv_obj_get_child_id	8	static
lv_obj_tree.c:349:6:lv_obj_tree_walk	0	static
