lv_obj_pos.c:756:6:lv_obj_move_children_by.constprop	40	static
lv_obj_pos.c:42:6:lv_obj_set_pos	32	static
lv_obj_pos.c:50:6:lv_obj_set_x	24	static
lv_obj_pos.c:67:6:lv_obj_set_y	24	static
lv_obj_pos.c:203:6:lv_obj_set_size	24	static
lv_obj_pos.c:211:6:lv_obj_set_width	24	static
lv_obj_pos.c:224:6:lv_obj_set_height	24	static
lv_obj_pos.c:237:6:lv_obj_set_content_width	32	static
lv_obj_pos.c:246:6:lv_obj_set_content_height	32	static
lv_obj_pos.c:255:6:lv_obj_set_layout	8	static
lv_obj_pos.c:264:6:lv_obj_is_layout_positioned	16	static
lv_obj_pos.c:276:6:lv_obj_mark_layout_as_dirty	8	static
lv_obj_pos.c:311:10:lv_layout_register	24	static
lv_obj_pos.c:322:6:lv_obj_set_align	0	static
lv_obj_pos.c:327:6:lv_obj_align	32	static
lv_obj_pos.c:474:6:lv_obj_get_coords	0	static
lv_obj_pos.c:481:12:lv_obj_get_x	24	static
lv_obj_pos.c:499:12:lv_obj_get_x2	32	static
lv_obj_pos.c:506:12:lv_obj_get_y	24	static
lv_obj_pos.c:524:12:lv_obj_get_y2	32	static
lv_obj_pos.c:531:12:lv_obj_get_width	0	static
lv_obj_pos.c:538:12:lv_obj_get_height	0	static
lv_obj_pos.c:545:12:lv_obj_get_content_width	16	static
lv_obj_pos.c:556:12:lv_obj_get_content_height	16	static
lv_obj_pos.c:567:6:lv_obj_get_content_coords	16	static
lv_obj_pos.c:581:12:lv_obj_get_self_width	16	static
lv_obj_pos.c:588:12:lv_obj_get_self_height	16	static
lv_obj_pos.c:595:6:lv_obj_refresh_self_size	16	static
lv_obj_pos.c:756:6:lv_obj_move_children_by	64	static
lv_obj_pos.c:801:6:lv_obj_area_is_visible	32	static
lv_obj_pos.c:773:6:lv_obj_invalidate_area	16	static
lv_obj_pos.c:784:6:lv_obj_invalidate	32	static
lv_obj_pos.c:684:6:lv_obj_move_to	72	static
lv_obj_pos.c:605:6:lv_obj_refr_pos.part.0	72	static
lv_obj_pos.c:605:6:lv_obj_refr_pos	16	static
lv_obj_pos.c:84:6:lv_obj_refr_size.part.0	80	static
lv_obj_pos.c:84:6:lv_obj_refr_size	0	static
lv_obj_pos.c:939:13:layout_update_core	16	static
lv_obj_pos.c:333:6:lv_obj_align_to	56	static
lv_obj_pos.c:289:6:lv_obj_update_layout	16	static
lv_obj_pos.c:843:6:lv_obj_is_visible	32	static
lv_obj_pos.c:859:6:lv_obj_set_ext_click_area	16	static
lv_obj_pos.c:867:6:lv_obj_get_click_area	16	static
lv_obj_pos.c:878:6:lv_obj_hit_test	40	static
lv_obj_pos.c:896:12:lv_clamp_width	16	static
lv_obj_pos.c:903:12:lv_clamp_height	16	static
