lv_obj.c:895:13:obj_valid_child.isra.0	24	static
lv_obj.c:375:13:lv_obj_constructor	24	static
lv_obj.c:822:13:lv_obj_set_state	88	static
lv_obj.c:438:13:lv_obj_draw	168	static
lv_obj.c:87:6:lv_is_initialized	0	static
lv_obj.c:92:6:lv_init	8	static
lv_obj.c:195:12:lv_obj_create	8	static
lv_obj.c:211:6:lv_obj_add_flag	24	static
lv_obj.c:230:6:lv_obj_clear_flag	16	static
lv_obj.c:250:6:lv_obj_add_state	0	static
lv_obj.c:260:6:lv_obj_clear_state	0	static
lv_obj.c:274:6:lv_obj_has_flag	0	static
lv_obj.c:281:6:lv_obj_has_flag_any	0	static
lv_obj.c:288:12:lv_obj_get_state	0	static
lv_obj.c:295:6:lv_obj_has_state	0	static
lv_obj.c:302:8:lv_obj_get_group	0	static
lv_obj.c:667:13:lv_obj_event	24	static
lv_obj.c:405:13:lv_obj_destructor	8	static
lv_obj.c:314:6:lv_obj_allocate_spec_attr	16	static
lv_obj.c:332:6:lv_obj_check_type	0	static
lv_obj.c:338:6:lv_obj_has_class	0	static
lv_obj.c:349:24:lv_obj_get_class	0	static
lv_obj.c:354:6:lv_obj_is_valid	16	static
