lv_obj_style_gen.h:187:29:lv_obj_get_style_base_dir	8	static
lv_obj_scroll.c:628:13:scroll_anim_ready_cb	0	static
lv_obj_scroll.c:603:13:scroll_by_raw.part.7	16	static
lv_obj_scroll.c:56:6:lv_obj_set_scrollbar_mode	16	static
lv_obj_scroll.c:67:6:lv_obj_set_scroll_dir	16	static
lv_obj_scroll.c:76:6:lv_obj_set_scroll_snap_x	16	static
lv_obj_scroll.c:82:6:lv_obj_set_scroll_snap_y	16	static
lv_obj_scroll.c:92:21:lv_obj_get_scrollbar_mode	0	static
lv_obj_scroll.c:98:10:lv_obj_get_scroll_dir	0	static
lv_obj_scroll.c:104:18:lv_obj_get_scroll_snap_x	0	static
lv_obj_scroll.c:110:18:lv_obj_get_scroll_snap_y	0	static
lv_obj_scroll.c:116:12:lv_obj_get_scroll_x	0	static
lv_obj_scroll.c:618:13:scroll_x_anim	8	static
lv_obj_scroll.c:122:12:lv_obj_get_scroll_y	0	static
lv_obj_scroll.c:623:13:scroll_y_anim	8	static
lv_obj_scroll.c:128:12:lv_obj_get_scroll_top	0	static
lv_obj_scroll.c:134:12:lv_obj_get_scroll_bottom	32	static
lv_obj_scroll.c:161:12:lv_obj_get_scroll_left	40	static
lv_obj_scroll.c:203:12:lv_obj_get_scroll_right	32	static
lv_obj_scroll.c:239:6:lv_obj_get_scroll_end	16	static
lv_obj_scroll.c:253:6:lv_obj_scroll_by	96	static
lv_obj_scroll.c:633:13:scroll_area_into_view	64	static
lv_obj_scroll.c:313:6:lv_obj_scroll_to_x	24	static
lv_obj_scroll.c:342:6:lv_obj_scroll_to_y	24	static
lv_obj_scroll.c:307:6:lv_obj_scroll_to	16	static
lv_obj_scroll.c:360:6:lv_obj_scroll_to_view	24	static
lv_obj_scroll.c:369:6:lv_obj_scroll_to_view_recursive	32	static
lv_obj_scroll.c:384:6:lv_obj_is_scrolling	16	static
lv_obj_scroll.c:395:6:lv_obj_update_snap	24	static
lv_obj_scroll.c:403:6:lv_obj_get_scrollbar_area	96	static
lv_obj_scroll.c:555:6:lv_obj_scrollbar_invalidate	24	static
lv_obj_scroll.c:567:6:lv_obj_readjust_scroll	24	static
