lv_obj_style_gen.h:139:24:lv_obj_get_style_opa	8	static
lv_obj_style_gen.h:175:31:lv_obj_get_style_blend_mode	8	static
lv_obj_draw.c:39:6:lv_obj_init_draw_rect_dsc	24	static
lv_obj_draw.c:183:6:lv_obj_init_draw_label_dsc	16	static
lv_obj_draw.c:211:6:lv_obj_init_draw_img_dsc	16	static
lv_obj_draw.c:236:6:lv_obj_init_draw_line_dsc	16	static
lv_obj_draw.c:265:6:lv_obj_init_draw_arc_dsc	16	static
lv_obj_draw.c:289:12:lv_obj_calculate_ext_draw_size	24	static
lv_obj_draw.c:323:6:lv_obj_draw_dsc_init	16	static
lv_obj_draw.c:329:6:lv_obj_draw_part_check_type	0	static
lv_obj_draw.c:359:12:_lv_obj_get_ext_draw_size	0	static
lv_obj_draw.c:335:6:lv_obj_refresh_ext_draw_size	24	static
