lv_hal_disp.c:451:31:invalidate_layout_cb	8	static
lv_hal_disp.c:486:13:set_px_cb_alpha4	40	static
lv_hal_disp.c:528:13:set_px_true_color_alpha	56	static
lv_hal_disp.c:500:13:set_px_cb_alpha8	40	static
lv_hal_disp.c:458:13:set_px_cb_alpha1	40	static
lv_hal_disp.c:472:13:set_px_cb_alpha2	40	static
lv_hal_disp.c:74:6:lv_disp_drv_init	8	static
lv_hal_disp.c:101:6:lv_disp_draw_buf_init	24	static
lv_hal_disp.c:117:13:lv_disp_drv_register	40	static
lv_hal_disp.c:184:6:lv_disp_drv_update	32	static
lv_hal_disp.c:224:6:lv_disp_remove	24	static
lv_hal_disp.c:264:6:lv_disp_set_default	0	static
lv_hal_disp.c:273:13:lv_disp_get_default	0	static
lv_hal_disp.c:283:12:lv_disp_get_hor_res	0	static
lv_hal_disp.c:305:12:lv_disp_get_ver_res	0	static
lv_hal_disp.c:327:6:lv_disp_get_antialiasing	0	static
lv_hal_disp.c:340:12:lv_disp_get_dpi	0	static
lv_hal_disp.c:351:31:lv_disp_flush_ready	0	static
lv_hal_disp.c:370:31:lv_disp_flush_is_last	0	static
lv_hal_disp.c:380:13:lv_disp_get_next	0	static
lv_hal_disp.c:393:22:lv_disp_get_draw_buf	0	static
lv_hal_disp.c:403:6:lv_disp_set_rotation	0	static
lv_hal_disp.c:417:15:lv_disp_get_rotation	0	static
lv_hal_disp.c:424:6:lv_disp_drv_use_generic_set_px_cb	0	static
