Archive member included to satisfy reference by file (symbol)

d:/programmi/stm32cubeide_1.4.0/stm32cubeide/plugins/com.st.stm32cube.ide.mcu.externaltools.gnu-tools-for-stm32.9-2020-q2-update.win32_2.0.0.202105311346/tools/bin/../lib/gcc/arm-none-eabi/9.3.1/../../../../arm-none-eabi/lib/thumb/v7e-m+dp/hard\libc_nano.a(lib_a-calloc.o)
                              ./Core/Inc/FX/allpass_filter.o (calloc)
d:/programmi/stm32cubeide_1.4.0/stm32cubeide/plugins/com.st.stm32cube.ide.mcu.externaltools.gnu-tools-for-stm32.9-2020-q2-update.win32_2.0.0.202105311346/tools/bin/../lib/gcc/arm-none-eabi/9.3.1/../../../../arm-none-eabi/lib/thumb/v7e-m+dp/hard\libc_nano.a(lib_a-errno.o)
                              ./Core/Src/syscalls.o (__errno)
d:/programmi/stm32cubeide_1.4.0/stm32cubeide/plugins/com.st.stm32cube.ide.mcu.externaltools.gnu-tools-for-stm32.9-2020-q2-update.win32_2.0.0.202105311346/tools/bin/../lib/gcc/arm-none-eabi/9.3.1/../../../../arm-none-eabi/lib/thumb/v7e-m+dp/hard\libc_nano.a(lib_a-exit.o)
                              d:/programmi/stm32cubeide_1.4.0/stm32cubeide/plugins/com.st.stm32cube.ide.mcu.externaltools.gnu-tools-for-stm32.9-2020-q2-update.win32_2.0.0.202105311346/tools/bin/../lib/gcc/arm-none-eabi/9.3.1/../../../../arm-none-eabi/lib/thumb/v7e-m+dp/hard/crt0.o (exit)
d:/programmi/stm32cubeide_1.4.0/stm32cubeide/plugins/com.st.stm32cube.ide.mcu.externaltools.gnu-tools-for-stm32.9-2020-q2-update.win32_2.0.0.202105311346/tools/bin/../lib/gcc/arm-none-eabi/9.3.1/../../../../arm-none-eabi/lib/thumb/v7e-m+dp/hard\libc_nano.a(lib_a-impure.o)
                              d:/programmi/stm32cubeide_1.4.0/stm32cubeide/plugins/com.st.stm32cube.ide.mcu.externaltools.gnu-tools-for-stm32.9-2020-q2-update.win32_2.0.0.202105311346/tools/bin/../lib/gcc/arm-none-eabi/9.3.1/../../../../arm-none-eabi/lib/thumb/v7e-m+dp/hard\libc_nano.a(lib_a-exit.o) (_global_impure_ptr)
d:/programmi/stm32cubeide_1.4.0/stm32cubeide/plugins/com.st.stm32cube.ide.mcu.externaltools.gnu-tools-for-stm32.9-2020-q2-update.win32_2.0.0.202105311346/tools/bin/../lib/gcc/arm-none-eabi/9.3.1/../../../../arm-none-eabi/lib/thumb/v7e-m+dp/hard\libc_nano.a(lib_a-init.o)
                              d:/programmi/stm32cubeide_1.4.0/stm32cubeide/plugins/com.st.stm32cube.ide.mcu.externaltools.gnu-tools-for-stm32.9-2020-q2-update.win32_2.0.0.202105311346/tools/bin/../lib/gcc/arm-none-eabi/9.3.1/../../../../arm-none-eabi/lib/thumb/v7e-m+dp/hard/crt0.o (__libc_init_array)
d:/programmi/stm32cubeide_1.4.0/stm32cubeide/plugins/com.st.stm32cube.ide.mcu.externaltools.gnu-tools-for-stm32.9-2020-q2-update.win32_2.0.0.202105311346/tools/bin/../lib/gcc/arm-none-eabi/9.3.1/../../../../arm-none-eabi/lib/thumb/v7e-m+dp/hard\libc_nano.a(lib_a-memcpy-stub.o)
                              ./Core/Inc/lvgl/examples/widgets/canvas/lv_example_canvas_1.o (memcpy)
d:/programmi/stm32cubeide_1.4.0/stm32cubeide/plugins/com.st.stm32cube.ide.mcu.externaltools.gnu-tools-for-stm32.9-2020-q2-update.win32_2.0.0.202105311346/tools/bin/../lib/gcc/arm-none-eabi/9.3.1/../../../../arm-none-eabi/lib/thumb/v7e-m+dp/hard\libc_nano.a(lib_a-memmove.o)
                              ./Core/Inc/lvgl/src/core/lv_obj_style.o (memmove)
d:/programmi/stm32cubeide_1.4.0/stm32cubeide/plugins/com.st.stm32cube.ide.mcu.externaltools.gnu-tools-for-stm32.9-2020-q2-update.win32_2.0.0.202105311346/tools/bin/../lib/gcc/arm-none-eabi/9.3.1/../../../../arm-none-eabi/lib/thumb/v7e-m+dp/hard\libc_nano.a(lib_a-memset.o)
                              d:/programmi/stm32cubeide_1.4.0/stm32cubeide/plugins/com.st.stm32cube.ide.mcu.externaltools.gnu-tools-for-stm32.9-2020-q2-update.win32_2.0.0.202105311346/tools/bin/../lib/gcc/arm-none-eabi/9.3.1/../../../../arm-none-eabi/lib/thumb/v7e-m+dp/hard/crt0.o (memset)
d:/programmi/stm32cubeide_1.4.0/stm32cubeide/plugins/com.st.stm32cube.ide.mcu.externaltools.gnu-tools-for-stm32.9-2020-q2-update.win32_2.0.0.202105311346/tools/bin/../lib/gcc/arm-none-eabi/9.3.1/../../../../arm-none-eabi/lib/thumb/v7e-m+dp/hard\libc_nano.a(lib_a-nano-callocr.o)
                              d:/programmi/stm32cubeide_1.4.0/stm32cubeide/plugins/com.st.stm32cube.ide.mcu.externaltools.gnu-tools-for-stm32.9-2020-q2-update.win32_2.0.0.202105311346/tools/bin/../lib/gcc/arm-none-eabi/9.3.1/../../../../arm-none-eabi/lib/thumb/v7e-m+dp/hard\libc_nano.a(lib_a-calloc.o) (_calloc_r)
d:/programmi/stm32cubeide_1.4.0/stm32cubeide/plugins/com.st.stm32cube.ide.mcu.externaltools.gnu-tools-for-stm32.9-2020-q2-update.win32_2.0.0.202105311346/tools/bin/../lib/gcc/arm-none-eabi/9.3.1/../../../../arm-none-eabi/lib/thumb/v7e-m+dp/hard\libc_nano.a(lib_a-nano-mallocr.o)
                              d:/programmi/stm32cubeide_1.4.0/stm32cubeide/plugins/com.st.stm32cube.ide.mcu.externaltools.gnu-tools-for-stm32.9-2020-q2-update.win32_2.0.0.202105311346/tools/bin/../lib/gcc/arm-none-eabi/9.3.1/../../../../arm-none-eabi/lib/thumb/v7e-m+dp/hard\libc_nano.a(lib_a-nano-callocr.o) (_malloc_r)
[...]
Memory Configuration

Name             Origin             Length             Attributes
DTCMRAM          0x0000000020000000 0x0000000000020000 xrw
ITCMRAM          0x0000000000000000 0x0000000000010000 xrw
RAM_D1           0x0000000024000000 0x0000000000080000 xrw
RAM_D2           0x0000000030000000 0x0000000000048000 xrw
RAM_D3           0x0000000038000000 0x0000000000010000 xrw
FLASH            0x0000000008000000 0x0000000000200000 xr
*default*        0x0000000000000000 0xffffffffffffffff

Linker script and memory map

LOAD d:/programmi/stm32cubeide_1.4.0/stm32cubeide/plugins/com.st.stm32cube.ide.mcu.externaltools.gnu-tools-for-stm32.9-2020-q2-update.win32_2.0.0.202105311346/tools/bin/../lib/gcc/arm-none-eabi/9.3.1/thumb/v7e-m+dp/hard/crti.o
LOAD d:/programmi/stm32cubeide_1.4.0/stm32cubeide/plugins/com.st.stm32cube.ide.mcu.externaltools.gnu-tools-for-stm32.9-2020-q2-update.win32_2.0.0.202105311346/tools/bin/../lib/gcc/arm-none-eabi/9.3.1/thumb/v7e-m+dp/hard/crtbegin.o
LOAD d:/programmi/stm32cubeide_1.4.0/stm32cubeide/plugins/com.st.stm32cube.ide.mcu.externaltools.gnu-tools-for-stm32.9-2020-q2-update.win32_2.0.0.202105311346/tools/bin/../lib/gcc/arm-none-eabi/9.3.1/../../../../arm-none-eabi/lib/thumb/v7e-m+dp/hard/crt0.o
LOAD ./Core/Inc/FX/FIR_filter.o
LOAD ./Core/Inc/FX/allpass_filter.o
LOAD ./Core/Inc/FX/comb_filter.o
LOAD ./Core/Inc/FX/delay.o
LOAD ./Core/Inc/FX/distorsion.o
LOAD ./Core/Inc/FX/phaser.o
LOAD ./Core/Inc/FX/reverb.o
LOAD ./Core/Inc/lvgl/examples/anim/lv_example_anim_1.o
LOAD ./Core/Inc/lvgl/examples/anim/lv_example_anim_2.o
LOAD ./Core/Inc/lvgl/examples/anim/lv_example_anim_3.o
LOAD ./Core/Inc/lvgl/examples/anim/lv_example_anim_timeline_1.o
LOAD ./Core/Inc/lvgl/examples/assets/animimg001.o
LOAD ./Core/Inc/lvgl/examples/assets/animimg002.o
LOAD ./Core/Inc/lvgl/examples/assets/animimg003.o
LOAD ./Core/Inc/lvgl/examples/assets/img_caret_down.o
LOAD ./Core/Inc/lvgl/examples/assets/img_cogwheel_alpha16.o
LOAD ./Core/Inc/lvgl/examples/assets/img_cogwheel_argb.o
LOAD ./Core/Inc/lvgl/examples/assets/img_cogwheel_chroma_keyed.o
LOAD ./Core/Inc/lvgl/examples/assets/img_cogwheel_indexed16.o
LOAD ./Core/Inc/lvgl/examples/assets/img_cogwheel_rgb.o
LOAD ./Core/Inc/lvgl/examples/assets/img_hand.o
LOAD ./Core/Inc/lvgl/examples/assets/img_skew_strip.o
LOAD ./Core/Inc/lvgl/examples/assets/img_star.o
LOAD ./Core/Inc/lvgl/examples/assets/imgbtn_left.o
LOAD ./Core/Inc/lvgl/examples/assets/imgbtn_mid.o
LOAD ./Core/Inc/lvgl/examples/assets/imgbtn_right.o
LOAD ./Core/Inc/lvgl/examples/event/lv_example_event_1.o
LOAD ./Core/Inc/lvgl/examples/event/lv_example_event_2.o
LOAD ./Core/Inc/lvgl/examples/event/lv_example_event_3.o
LOAD ./Core/Inc/lvgl/examples/get_started/lv_example_get_started_1.o
LOAD ./Core/Inc/lvgl/examples/get_started/lv_example_get_started_2.o
LOAD ./Core/Inc/lvgl/examples/get_started/lv_example_get_started_3.o
LOAD ./Core/Inc/lvgl/examples/layouts/flex/lv_example_flex_1.o
LOAD ./Core/Inc/lvgl/examples/layouts/flex/lv_example_flex_2.o
LOAD ./Core/Inc/lvgl/examples/layouts/flex/lv_example_flex_3.o
LOAD ./Core/Inc/lvgl/examples/layouts/flex/lv_example_flex_4.o
LOAD ./Core/Inc/lvgl/examples/layouts/flex/lv_example_flex_5.o
LOAD ./Core/Inc/lvgl/examples/layouts/flex/lv_example_flex_6.o
LOAD ./Core/Inc/lvgl/examples/layouts/grid/lv_example_grid_1.o
LOAD ./Core/Inc/lvgl/examples/layouts/grid/lv_example_grid_2.o
LOAD ./Core/Inc/lvgl/examples/layouts/grid/lv_example_grid_3.o
LOAD ./Core/Inc/lvgl/examples/layouts/grid/lv_example_grid_4.o
LOAD ./Core/Inc/lvgl/examples/layouts/grid/lv_example_grid_5.o
LOAD ./Core/Inc/lvgl/examples/layouts/grid/lv_example_grid_6.o
LOAD ./Core/Inc/lvgl/examples/others/snapshot/lv_example_snapshot_1.o
LOAD ./Core/Inc/lvgl/examples/porting/lv_port_disp_template.o
LOAD ./Core/Inc/lvgl/examples/porting/lv_port_fs_template.o
LOAD ./Core/Inc/lvgl/examples/porting/lv_port_indev_template.o
LOAD ./Core/Inc/lvgl/examples/scroll/lv_example_scroll_1.o
LOAD ./Core/Inc/lvgl/examples/scroll/lv_example_scroll_2.o
LOAD ./Core/Inc/lvgl/examples/scroll/lv_example_scroll_3.o
LOAD ./Core/Inc/lvgl/examples/scroll/lv_example_scroll_4.o
LOAD ./Core/Inc/lvgl/examples/scroll/lv_example_scroll_5.o
LOAD ./Core/Inc/lvgl/examples/scroll/lv_example_scroll_6.o
LOAD ./Core/Inc/lvgl/examples/styles/lv_example_style_1.o
LOAD ./Core/Inc/lvgl/examples/styles/lv_example_style_10.o
LOAD ./Core/Inc/lvgl/examples/styles/lv_example_style_11.o
LOAD ./Core/Inc/lvgl/examples/styles/lv_example_style_12.o
LOAD ./Core/Inc/lvgl/examples/styles/lv_example_style_13.o
LOAD ./Core/Inc/lvgl/examples/styles/lv_example_style_14.o
LOAD ./Core/Inc/lvgl/examples/styles/lv_example_style_2.o
LOAD ./Core/Inc/lvgl/examples/styles/lv_example_style_3.o
LOAD ./Core/Inc/lvgl/examples/styles/lv_example_style_4.o
LOAD ./Core/Inc/lvgl/examples/styles/lv_example_style_5.o
LOAD ./Core/Inc/lvgl/examples/styles/lv_example_style_6.o
LOAD ./Core/Inc/lvgl/examples/styles/lv_example_style_7.o
LOAD ./Core/Inc/lvgl/examples/styles/lv_example_style_8.o
LOAD ./Core/Inc/lvgl/examples/styles/lv_example_style_9.o
LOAD ./Core/Inc/lvgl/examples/widgets/animimg/lv_example_animimg_1.o
LOAD ./Core/Inc/lvgl/examples/widgets/arc/lv_example_arc_1.o
LOAD ./Core/Inc/lvgl/examples/widgets/arc/lv_example_arc_2.o
LOAD ./Core/Inc/lvgl/examples/widgets/bar/lv_example_bar_1.o
LOAD ./Core/Inc/lvgl/examples/widgets/bar/lv_example_bar_2.o
LOAD ./Core/Inc/lvgl/examples/widgets/bar/lv_example_bar_3.o
LOAD ./Core/Inc/lvgl/examples/widgets/bar/lv_example_bar_4.o
LOAD ./Core/Inc/lvgl/examples/widgets/bar/lv_example_bar_5.o
LOAD ./Core/Inc/lvgl/examples/widgets/bar/lv_example_bar_6.o
LOAD ./Core/Inc/lvgl/examples/widgets/btn/lv_example_btn_1.o
LOAD ./Core/Inc/lvgl/examples/widgets/btn/lv_example_btn_2.o
LOAD ./Core/Inc/lvgl/examples/widgets/btn/lv_example_btn_3.o
LOAD ./Core/Inc/lvgl/examples/widgets/btnmatrix/lv_example_btnmatrix_1.o
LOAD ./Core/Inc/lvgl/examples/widgets/btnmatrix/lv_example_btnmatrix_2.o
LOAD ./Core/Inc/lvgl/examples/widgets/btnmatrix/lv_example_btnmatrix_3.o
LOAD ./Core/Inc/lvgl/examples/widgets/calendar/lv_example_calendar_1.o
LOAD ./Core/Inc/lvgl/examples/widgets/canvas/lv_example_canvas_1.o
LOAD ./Core/Inc/lvgl/examples/widgets/canvas/lv_example_canvas_2.o
LOAD ./Core/Inc/lvgl/examples/widgets/chart/lv_example_chart_1.o
LOAD ./Core/Inc/lvgl/examples/widgets/chart/lv_example_chart_2.o
LOAD ./Core/Inc/lvgl/examples/widgets/chart/lv_example_chart_3.o
LOAD ./Core/Inc/lvgl/examples/widgets/chart/lv_example_chart_4.o
LOAD ./Core/Inc/lvgl/examples/widgets/chart/lv_example_chart_5.o
LOAD ./Core/Inc/lvgl/examples/widgets/chart/lv_example_chart_6.o
LOAD ./Core/Inc/lvgl/examples/widgets/chart/lv_example_chart_7.o
LOAD ./Core/Inc/lvgl/examples/widgets/checkbox/lv_example_checkbox_1.o
LOAD ./Core/Inc/lvgl/examples/widgets/colorwheel/lv_example_colorwheel_1.o
LOAD ./Core/Inc/lvgl/examples/widgets/dropdown/lv_example_dropdown_1.o
LOAD ./Core/Inc/lvgl/examples/widgets/dropdown/lv_example_dropdown_2.o
LOAD ./Core/Inc/lvgl/examples/widgets/dropdown/lv_example_dropdown_3.o
LOAD ./Core/Inc/lvgl/examples/widgets/img/lv_example_img_1.o
LOAD ./Core/Inc/lvgl/examples/widgets/img/lv_example_img_2.o
LOAD ./Core/Inc/lvgl/examples/widgets/img/lv_example_img_3.o
LOAD ./Core/Inc/lvgl/examples/widgets/img/lv_example_img_4.o
LOAD ./Core/Inc/lvgl/examples/widgets/imgbtn/lv_example_imgbtn_1.o
LOAD ./Core/Inc/lvgl/examples/widgets/keyboard/lv_example_keyboard_1.o
LOAD ./Core/Inc/lvgl/examples/widgets/label/lv_example_label_1.o
LOAD ./Core/Inc/lvgl/examples/widgets/label/lv_example_label_2.o
LOAD ./Core/Inc/lvgl/examples/widgets/label/lv_example_label_3.o
LOAD ./Core/Inc/lvgl/examples/widgets/led/lv_example_led_1.o
LOAD ./Core/Inc/lvgl/examples/widgets/line/lv_example_line_1.o
LOAD ./Core/Inc/lvgl/examples/widgets/list/lv_example_list_1.o
LOAD ./Core/Inc/lvgl/examples/widgets/list/lv_example_list_2.o
LOAD ./Core/Inc/lvgl/examples/widgets/meter/lv_example_meter_1.o
LOAD ./Core/Inc/lvgl/examples/widgets/meter/lv_example_meter_2.o
LOAD ./Core/Inc/lvgl/examples/widgets/meter/lv_example_meter_3.o
LOAD ./Core/Inc/lvgl/examples/widgets/meter/lv_example_meter_4.o
LOAD ./Core/Inc/lvgl/examples/widgets/msgbox/lv_example_msgbox_1.o
LOAD ./Core/Inc/lvgl/examples/widgets/obj/lv_example_obj_1.o
LOAD ./Core/Inc/lvgl/examples/widgets/obj/lv_example_obj_2.o
LOAD ./Core/Inc/lvgl/examples/widgets/roller/lv_example_roller_1.o
LOAD ./Core/Inc/lvgl/examples/widgets/roller/lv_example_roller_2.o
LOAD ./Core/Inc/lvgl/examples/widgets/roller/lv_example_roller_3.o
LOAD ./Core/Inc/lvgl/examples/widgets/slider/lv_example_slider_1.o
LOAD ./Core/Inc/lvgl/examples/widgets/slider/lv_example_slider_2.o
LOAD ./Core/Inc/lvgl/examples/widgets/slider/lv_example_slider_3.o
LOAD ./Core/Inc/lvgl/examples/widgets/span/lv_example_span_1.o
LOAD ./Core/Inc/lvgl/examples/widgets/spinbox/lv_example_spinbox_1.o
LOAD ./Core/Inc/lvgl/examples/widgets/spinner/lv_example_spinner_1.o
LOAD ./Core/Inc/lvgl/examples/widgets/switch/lv_example_switch_1.o
LOAD ./Core/Inc/lvgl/examples/widgets/table/lv_example_table_1.o
LOAD ./Core/Inc/lvgl/examples/widgets/table/lv_example_table_2.o
LOAD ./Core/Inc/lvgl/examples/widgets/tabview/lv_example_tabview_1.o
LOAD ./Core/Inc/lvgl/examples/widgets/tabview/lv_example_tabview_2.o
LOAD ./Core/Inc/lvgl/examples/widgets/textarea/lv_example_textarea_1.o
LOAD ./Core/Inc/lvgl/examples/widgets/textarea/lv_example_textarea_2.o
LOAD ./Core/Inc/lvgl/examples/widgets/textarea/lv_example_textarea_3.o
LOAD ./Core/Inc/lvgl/examples/widgets/tileview/lv_example_tileview_1.o
LOAD ./Core/Inc/lvgl/examples/widgets/win/lv_example_win_1.o
LOAD ./Core/Inc/lvgl/src/core/lv_disp.o
LOAD ./Core/Inc/lvgl/src/core/lv_event.o
LOAD ./Core/Inc/lvgl/src/core/lv_group.o
LOAD ./Core/Inc/lvgl/src/core/lv_indev.o
LOAD ./Core/Inc/lvgl/src/core/lv_indev_scroll.o
LOAD ./Core/Inc/lvgl/src/core/lv_obj.o
LOAD ./Core/Inc/lvgl/src/core/lv_obj_class.o
LOAD ./Core/Inc/lvgl/src/core/lv_obj_draw.o
LOAD ./Core/Inc/lvgl/src/core/lv_obj_pos.o
LOAD ./Core/Inc/lvgl/src/core/lv_obj_scroll.o
LOAD ./Core/Inc/lvgl/src/core/lv_obj_style.o
LOAD ./Core/Inc/lvgl/src/core/lv_obj_style_gen.o
LOAD ./Core/Inc/lvgl/src/core/lv_obj_tree.o
LOAD ./Core/Inc/lvgl/src/core/lv_refr.o
LOAD ./Core/Inc/lvgl/src/core/lv_theme.o
LOAD ./Core/Inc/lvgl/src/draw/lv_draw_arc.o
LOAD ./Core/Inc/lvgl/src/draw/lv_draw_blend.o
LOAD ./Core/Inc/lvgl/src/draw/lv_draw_img.o
LOAD ./Core/Inc/lvgl/src/draw/lv_draw_label.o
LOAD ./Core/Inc/lvgl/src/draw/lv_draw_line.o
LOAD ./Core/Inc/lvgl/src/draw/lv_draw_mask.o
LOAD ./Core/Inc/lvgl/src/draw/lv_draw_rect.o
LOAD ./Core/Inc/lvgl/src/draw/lv_draw_triangle.o
LOAD ./Core/Inc/lvgl/src/draw/lv_img_buf.o
LOAD ./Core/Inc/lvgl/src/draw/lv_img_cache.o
LOAD ./Core/Inc/lvgl/src/draw/lv_img_decoder.o
LOAD ./Core/Inc/lvgl/src/extra/layouts/flex/lv_flex.o
LOAD ./Core/Inc/lvgl/src/extra/layouts/grid/lv_grid.o
LOAD ./Core/Inc/lvgl/src/extra/lv_extra.o
LOAD ./Core/Inc/lvgl/src/extra/others/snapshot/lv_snapshot.o
LOAD ./Core/Inc/lvgl/src/extra/themes/basic/lv_theme_basic.o
LOAD ./Core/Inc/lvgl/src/extra/themes/default/lv_theme_default.o
LOAD ./Core/Inc/lvgl/src/extra/themes/mono/lv_theme_mono.o
LOAD ./Core/Inc/lvgl/src/extra/widgets/animimg/lv_animimg.o
LOAD ./Core/Inc/lvgl/src/extra/widgets/calendar/lv_calendar.o
LOAD ./Core/Inc/lvgl/src/extra/widgets/calendar/lv_calendar_header_arrow.o
LOAD ./Core/Inc/lvgl/src/extra/widgets/calendar/lv_calendar_header_dropdown.o
LOAD ./Core/Inc/lvgl/src/extra/widgets/chart/lv_chart.o
LOAD ./Core/Inc/lvgl/src/extra/widgets/colorwheel/lv_colorwheel.o
LOAD ./Core/Inc/lvgl/src/extra/widgets/imgbtn/lv_imgbtn.o
LOAD ./Core/Inc/lvgl/src/extra/widgets/keyboard/lv_keyboard.o
LOAD ./Core/Inc/lvgl/src/extra/widgets/led/lv_led.o
LOAD ./Core/Inc/lvgl/src/extra/widgets/list/lv_list.o
LOAD ./Core/Inc/lvgl/src/extra/widgets/meter/lv_meter.o
LOAD ./Core/Inc/lvgl/src/extra/widgets/msgbox/lv_msgbox.o
LOAD ./Core/Inc/lvgl/src/extra/widgets/span/lv_span.o
LOAD ./Core/Inc/lvgl/src/extra/widgets/spinbox/lv_spinbox.o
LOAD ./Core/Inc/lvgl/src/extra/widgets/spinner/lv_spinner.o
LOAD ./Core/Inc/lvgl/src/extra/widgets/tabview/lv_tabview.o
LOAD ./Core/Inc/lvgl/src/extra/widgets/tileview/lv_tileview.o
LOAD ./Core/Inc/lvgl/src/extra/widgets/win/lv_win.o
LOAD ./Core/Inc/lvgl/src/font/lv_font.o
LOAD ./Core/Inc/lvgl/src/font/lv_font_dejavu_16_persian_hebrew.o
LOAD ./Core/Inc/lvgl/src/font/lv_font_fmt_txt.o
LOAD ./Core/Inc/lvgl/src/font/lv_font_loader.o
LOAD ./Core/Inc/lvgl/src/font/lv_font_montserrat_10.o
LOAD ./Core/Inc/lvgl/src/font/lv_font_montserrat_12.o
LOAD ./Core/Inc/lvgl/src/font/lv_font_montserrat_12_subpx.o
LOAD ./Core/Inc/lvgl/src/font/lv_font_montserrat_14.o
LOAD ./Core/Inc/lvgl/src/font/lv_font_montserrat_16.o
LOAD ./Core/Inc/lvgl/src/font/lv_font_montserrat_18.o
LOAD ./Core/Inc/lvgl/src/font/lv_font_montserrat_20.o
LOAD ./Core/Inc/lvgl/src/font/lv_font_montserrat_22.o
LOAD ./Core/Inc/lvgl/src/font/lv_font_montserrat_24.o
LOAD ./Core/Inc/lvgl/src/font/lv_font_montserrat_26.o
LOAD ./Core/Inc/lvgl/src/font/lv_font_montserrat_28.o
LOAD ./Core/Inc/lvgl/src/font/lv_font_montserrat_28_compressed.o
LOAD ./Core/Inc/lvgl/src/font/lv_font_montserrat_30.o
LOAD ./Core/Inc/lvgl/src/font/lv_font_montserrat_32.o
LOAD ./Core/Inc/lvgl/src/font/lv_font_montserrat_34.o
LOAD ./Core/Inc/lvgl/src/font/lv_font_montserrat_36.o
LOAD ./Core/Inc/lvgl/src/font/lv_font_montserrat_38.o
LOAD ./Core/Inc/lvgl/src/font/lv_font_montserrat_40.o
LOAD ./Core/Inc/lvgl/src/font/lv_font_montserrat_42.o
LOAD ./Core/Inc/lvgl/src/font/lv_font_montserrat_44.o
LOAD ./Core/Inc/lvgl/src/font/lv_font_montserrat_46.o
LOAD ./Core/Inc/lvgl/src/font/lv_font_montserrat_48.o
LOAD ./Core/Inc/lvgl/src/font/lv_font_montserrat_8.o
LOAD ./Core/Inc/lvgl/src/font/lv_font_simsun_16_cjk.o
LOAD ./Core/Inc/lvgl/src/font/lv_font_unscii_16.o
LOAD ./Core/Inc/lvgl/src/font/lv_font_unscii_8.o
LOAD ./Core/Inc/lvgl/src/gpu/lv_gpu_nxp_pxp.o
LOAD ./Core/Inc/lvgl/src/gpu/lv_gpu_nxp_pxp_osa.o
LOAD ./Core/Inc/lvgl/src/gpu/lv_gpu_nxp_vglite.o
LOAD ./Core/Inc/lvgl/src/gpu/lv_gpu_stm32_dma2d.o
LOAD ./Core/Inc/lvgl/src/hal/lv_hal_disp.o
LOAD ./Core/Inc/lvgl/src/hal/lv_hal_indev.o
LOAD ./Core/Inc/lvgl/src/hal/lv_hal_tick.o
LOAD ./Core/Inc/lvgl/src/misc/lv_anim.o
LOAD ./Core/Inc/lvgl/src/misc/lv_anim_timeline.o
LOAD ./Core/Inc/lvgl/src/misc/lv_area.o
LOAD ./Core/Inc/lvgl/src/misc/lv_async.o
LOAD ./Core/Inc/lvgl/src/misc/lv_bidi.o
LOAD ./Core/Inc/lvgl/src/misc/lv_color.o
LOAD ./Core/Inc/lvgl/src/misc/lv_fs.o
LOAD ./Core/Inc/lvgl/src/misc/lv_gc.o
LOAD ./Core/Inc/lvgl/src/misc/lv_ll.o
LOAD ./Core/Inc/lvgl/src/misc/lv_log.o
LOAD ./Core/Inc/lvgl/src/misc/lv_math.o
LOAD ./Core/Inc/lvgl/src/misc/lv_mem.o
LOAD ./Core/Inc/lvgl/src/misc/lv_printf.o
LOAD ./Core/Inc/lvgl/src/misc/lv_style.o
LOAD ./Core/Inc/lvgl/src/misc/lv_style_gen.o
LOAD ./Core/Inc/lvgl/src/misc/lv_templ.o
LOAD ./Core/Inc/lvgl/src/misc/lv_timer.o
LOAD ./Core/Inc/lvgl/src/misc/lv_tlsf.o
LOAD ./Core/Inc/lvgl/src/misc/lv_txt.o
LOAD ./Core/Inc/lvgl/src/misc/lv_txt_ap.o
LOAD ./Core/Inc/lvgl/src/misc/lv_utils.o
LOAD ./Core/Inc/lvgl/src/widgets/lv_arc.o
LOAD ./Core/Inc/lvgl/src/widgets/lv_bar.o
LOAD ./Core/Inc/lvgl/src/widgets/lv_btn.o
LOAD ./Core/Inc/lvgl/src/widgets/lv_btnmatrix.o
LOAD ./Core/Inc/lvgl/src/widgets/lv_canvas.o
LOAD ./Core/Inc/lvgl/src/widgets/lv_checkbox.o
LOAD ./Core/Inc/lvgl/src/widgets/lv_dropdown.o
LOAD ./Core/Inc/lvgl/src/widgets/lv_img.o
LOAD ./Core/Inc/lvgl/src/widgets/lv_label.o
LOAD ./Core/Inc/lvgl/src/widgets/lv_line.o
LOAD ./Core/Inc/lvgl/src/widgets/lv_objx_templ.o
LOAD ./Core/Inc/lvgl/src/widgets/lv_roller.o
LOAD ./Core/Inc/lvgl/src/widgets/lv_slider.o
LOAD ./Core/Inc/lvgl/src/widgets/lv_switch.o
LOAD ./Core/Inc/lvgl/src/widgets/lv_table.o
LOAD ./Core/Inc/lvgl/src/widgets/lv_textarea.o
LOAD ./Core/Inc/lvgl/tests/src/lv_test_indev.o
LOAD ./Core/Inc/lvgl/tests/src/lv_test_init.o
LOAD ./Core/Inc/lvgl/tests/src/lv_test_main.o
LOAD ./Core/Inc/lvgl/tests/src/test_cases/_test_template.o
LOAD ./Core/Inc/lvgl/tests/src/test_cases/test_config.o
LOAD ./Core/Inc/lvgl/tests/src/test_cases/test_dropdown.o
LOAD ./Core/Inc/lvgl/tests/src/test_cases/test_font_loader.o
LOAD ./Core/Inc/lvgl/tests/src/test_cases/test_obj_tree.o
LOAD ./Core/Inc/lvgl/tests/src/test_cases/test_style.o
LOAD ./Core/Inc/lvgl/tests/src/test_fonts/font_1.o
LOAD ./Core/Inc/lvgl/tests/src/test_fonts/font_2.o
LOAD ./Core/Inc/lvgl/tests/src/test_fonts/font_3.o
LOAD ./Core/Inc/lvgl/tests/unity/unity.o
LOAD ./Core/Inc/lvgl/tests/unity/unity_support.o
LOAD ./Core/Src/adc.o
LOAD ./Core/Src/dac.o
LOAD ./Core/Src/dsp.o
LOAD ./Core/Src/fft.o
LOAD ./Core/Src/freq_response.o
LOAD ./Core/Src/logo.o
LOAD ./Core/Src/main.o
LOAD ./Core/Src/oscilloscope.o
LOAD ./Core/Src/signal_generator.o
LOAD ./Core/Src/startup_sound.o
LOAD ./Core/Src/stm32h7xx_hal_msp.o
LOAD ./Core/Src/stm32h7xx_it.o
LOAD ./Core/Src/syscalls.o
LOAD ./Core/Src/sysmem.o
LOAD ./Core/Src/system.o
LOAD ./Core/Src/system_stm32h7xx.o
LOAD ./Core/Src/tft.o
LOAD ./Core/Startup/startup_stm32h743vitx.o
LOAD ./Drivers/STM32H7xx_HAL_Driver/Src/stm32h7xx_hal.o
LOAD ./Drivers/STM32H7xx_HAL_Driver/Src/stm32h7xx_hal_adc.o
LOAD ./Drivers/STM32H7xx_HAL_Driver/Src/stm32h7xx_hal_adc_ex.o
LOAD ./Drivers/STM32H7xx_HAL_Driver/Src/stm32h7xx_hal_cortex.o
LOAD ./Drivers/STM32H7xx_HAL_Driver/Src/stm32h7xx_hal_dma.o
LOAD ./Drivers/STM32H7xx_HAL_Driver/Src/stm32h7xx_hal_dma_ex.o
LOAD ./Drivers/STM32H7xx_HAL_Driver/Src/stm32h7xx_hal_exti.o
LOAD ./Drivers/STM32H7xx_HAL_Driver/Src/stm32h7xx_hal_flash.o
LOAD ./Drivers/STM32H7xx_HAL_Driver/Src/stm32h7xx_hal_flash_ex.o
LOAD ./Drivers/STM32H7xx_HAL_Driver/Src/stm32h7xx_hal_gpio.o
LOAD ./Drivers/STM32H7xx_HAL_Driver/Src/stm32h7xx_hal_hsem.o
LOAD ./Drivers/STM32H7xx_HAL_Driver/Src/stm32h7xx_hal_i2c.o
LOAD ./Drivers/STM32H7xx_HAL_Driver/Src/stm32h7xx_hal_i2c_ex.o
LOAD ./Drivers/STM32H7xx_HAL_Driver/Src/stm32h7xx_hal_i2s.o
LOAD ./Drivers/STM32H7xx_HAL_Driver/Src/stm32h7xx_hal_i2s_ex.o
LOAD ./Drivers/STM32H7xx_HAL_Driver/Src/stm32h7xx_hal_mdma.o
LOAD ./Drivers/STM32H7xx_HAL_Driver/Src/stm32h7xx_hal_pcd.o
LOAD ./Drivers/STM32H7xx_HAL_Driver/Src/stm32h7xx_hal_pcd_ex.o
LOAD ./Drivers/STM32H7xx_HAL_Driver/Src/stm32h7xx_hal_pwr.o
LOAD ./Drivers/STM32H7xx_HAL_Driver/Src/stm32h7xx_hal_pwr_ex.o
LOAD ./Drivers/STM32H7xx_HAL_Driver/Src/stm32h7xx_hal_rcc.o
LOAD ./Drivers/STM32H7xx_HAL_Driver/Src/stm32h7xx_hal_rcc_ex.o
LOAD ./Drivers/STM32H7xx_HAL_Driver/Src/stm32h7xx_hal_spi.o
LOAD ./Drivers/STM32H7xx_HAL_Driver/Src/stm32h7xx_hal_spi_ex.o
LOAD ./Drivers/STM32H7xx_HAL_Driver/Src/stm32h7xx_hal_tim.o
LOAD ./Drivers/STM32H7xx_HAL_Driver/Src/stm32h7xx_hal_tim_ex.o
LOAD ./Drivers/STM32H7xx_HAL_Driver/Src/stm32h7xx_ll_usb.o
LOAD ./Middlewares/ST/STM32_USB_Device_Library/Class/CDC/Src/usbd_cdc.o
LOAD ./Middlewares/ST/STM32_USB_Device_Library/Core/Src/usbd_core.o
LOAD ./Middlewares/ST/STM32_USB_Device_Library/Core/Src/usbd_ctlreq.o
LOAD ./Middlewares/ST/STM32_USB_Device_Library/Core/Src/usbd_ioreq.o
LOAD ./USB_DEVICE/App/usb_device.o
LOAD ./USB_DEVICE/App/usbd_cdc_if.o
LOAD ./USB_DEVICE/App/usbd_desc.o
LOAD ./USB_DEVICE/Target/usbd_conf.o
START GROUP
LOAD d:/programmi/stm32cubeide_1.4.0/stm32cubeide/plugins/com.st.stm32cube.ide.mcu.externaltools.gnu-tools-for-stm32.9-2020-q2-update.win32_2.0.0.202105311346/tools/bin/../lib/gcc/arm-none-eabi/9.3.1/../../../../arm-none-eabi/lib/thumb/v7e-m+dp/hard\libc_nano.a
LOAD d:/programmi/stm32cubeide_1.4.0/stm32cubeide/plugins/com.st.stm32cube.ide.mcu.externaltools.gnu-tools-for-stm32.9-2020-q2-update.win32_2.0.0.202105311346/tools/bin/../lib/gcc/arm-none-eabi/9.3.1/../../../../arm-none-eabi/lib/thumb/v7e-m+dp/hard\libm.a
END GROUP
START GROUP
LOAD d:/programmi/stm32cubeide_1.4.0/stm32cubeide/plugins/com.st.stm32cube.ide.mcu.externaltools.gnu-tools-for-stm32.9-2020-q2-update.win32_2.0.0.202105311346/tools/bin/../lib/gcc/arm-none-eabi/9.3.1/thumb/v7e-m+dp/hard\libgcc.a
LOAD d:/programmi/stm32cubeide_1.4.0/stm32cubeide/plugins/com.st.stm32cube.ide.mcu.externaltools.gnu-tools-for-stm32.9-2020-q2-update.win32_2.0.0.202105311346/tools/bin/../lib/gcc/arm-none-eabi/9.3.1/../../../../arm-none-eabi/lib/thumb/v7e-m+dp/hard\libc_nano.a
END GROUP
START GROUP
LOAD d:/programmi/stm32cubeide_1.4.0/stm32cubeide/plugins/com.st.stm32cube.ide.mcu.externaltools.gnu-tools-for-stm32.9-2020-q2-update.win32_2.0.0.202105311346/tools/bin/../lib/gcc/arm-none-eabi/9.3.1/thumb/v7e-m+dp/hard\libgcc.a
LOAD d:/programmi/stm32cubeide_1.4.0/stm32cubeide/plugins/com.st.stm32cube.ide.mcu.externaltools.gnu-tools-for-stm32.9-2020-q2-update.win32_2.0.0.202105311346/tools/bin/../lib/gcc/arm-none-eabi/9.3.1/../../../../arm-none-eabi/lib/thumb/v7e-m+dp/hard\libc_nano.a
LOAD d:/programmi/stm32cubeide_1.4.0/stm32cubeide/plugins/com.st.stm32cube.ide.mcu.externaltools.gnu-tools-for-stm32.9-2020-q2-update.win32_2.0.0.202105311346/tools/bin/../lib/gcc/arm-none-eabi/9.3.1/../../../../arm-none-eabi/lib/thumb/v7e-m+dp/hard\libnosys.a
END GROUP
START GROUP
LOAD d:/programmi/stm32cubeide_1.4.0/stm32cubeide/plugins/com.st.stm32cube.ide.mcu.externaltools.gnu-tools-for-stm32.9-2020-q2-update.win32_2.0.0.202105311346/tools/bin/../lib/gcc/arm-none-eabi/9.3.1/thumb/v7e-m+dp/hard\libgcc.a
LOAD d:/programmi/stm32cubeide_1.4.0/stm32cubeide/plugins/com.st.stm32cube.ide.mcu.externaltools.gnu-tools-for-stm32.9-2020-q2-update.win32_2.0.0.202105311346/tools/bin/../lib/gcc/arm-none-eabi/9.3.1/../../../../arm-none-eabi/lib/thumb/v7e-m+dp/hard\libc_nano.a
LOAD d:/programmi/stm32cubeide_1.4.0/stm32cubeide/plugins/com.st.stm32cube.ide.mcu.externaltools.gnu-tools-for-stm32.9-2020-q2-update.win32_2.0.0.202105311346/tools/bin/../lib/gcc/arm-none-eabi/9.3.1/../../../../arm-none-eabi/lib/thumb/v7e-m+dp/hard\libnosys.a
END GROUP
LOAD d:/programmi/stm32cubeide_1.4.0/stm32cubeide/plugins/com.st.stm32cube.ide.mcu.externaltools.gnu-tools-for-stm32.9-2020-q2-update.win32_2.0.0.202105311346/tools/bin/../lib/gcc/arm-none-eabi/9.3.1/thumb/v7e-m+dp/hard/crtend.o
LOAD d:/programmi/stm32cubeide_1.4.0/stm32cubeide/plugins/com.st.stm32cube.ide.mcu.externaltools.gnu-tools-for-stm32.9-2020-q2-update.win32_2.0.0.202105311346/tools/bin/../lib/gcc/arm-none-eabi/9.3.1/thumb/v7e-m+dp/hard/crtn.o
                0x0000000024080000                _estack = (ORIGIN (RAM_D1) + LENGTH (RAM_D1))
                0x0000000000000200                _Min_Heap_Size = 0x200
                0x0000000000000400                _Min_Stack_Size = 0x400

.isr_vector     0x0000000008000000      0x298
                0x0000000008000000                . = ALIGN (0x4)
 *(.isr_vector)
 .isr_vector    0x0000000008000000      0x298 ./Core/Startup/startup_stm32h743vitx.o
                0x0000000008000000                g_pfnVectors
                0x0000000008000298                . = ALIGN (0x4)

.text           0x00000000080002a0    0x421b8
                0x00000000080002a0                . = ALIGN (0x4)
 *(.text)
 .text          0x00000000080002a0       0x40 d:/programmi/stm32cubeide_1.4.0/stm32cubeide/plugins/com.st.stm32cube.ide.mcu.externaltools.gnu-tools-for-stm32.9-2020-q2-update.win32_2.0.0.202105311346/tools/bin/../lib/gcc/arm-none-eabi/9.3.1/thumb/v7e-m+dp/hard/crtbegin.o
 .text          0x00000000080002e0       0x14 d:/programmi/stm32cubeide_1.4.0/stm32cubeide/plugins/com.st.stm32cube.ide.mcu.externaltools.gnu-tools-for-stm32.9-2020-q2-update.win32_2.0.0.202105311346/tools/bin/../lib/gcc/arm-none-eabi/9.3.1/../../../../arm-none-eabi/lib/thumb/v7e-m+dp/hard\libc_nano.a(lib_a-strcmp.o)
                0x00000000080002e0                strcmp
 .text          0x00000000080002f4       0x10 d:/programmi/stm32cubeide_1.4.0/stm32cubeide/plugins/com.st.stm32cube.ide.mcu.externaltools.gnu-tools-for-stm32.9-2020-q2-update.win32_2.0.0.202105311346/tools/bin/../lib/gcc/arm-none-eabi/9.3.1/../../../../arm-none-eabi/lib/thumb/v7e-m+dp/hard\libc_nano.a(lib_a-strlen.o)
                0x00000000080002f4                strlen
 *fill*         0x0000000008000304        0xc 
 .text          0x0000000008000310       0xa0 d:/programmi/stm32cubeide_1.4.0/stm32cubeide/plugins/com.st.stm32cube.ide.mcu.externaltools.gnu-tools-for-stm32.9-2020-q2-update.win32_2.0.0.202105311346/tools/bin/../lib/gcc/arm-none-eabi/9.3.1/../../../../arm-none-eabi/lib/thumb/v7e-m+dp/hard\libc_nano.a(lib_a-memchr.o)
                0x0000000008000310                memchr
 .text          0x00000000080003b0      0x378 d:/programmi/stm32cubeide_1.4.0/stm32cubeide/plugins/com.st.stm32cube.ide.mcu.externaltools.gnu-tools-for-stm32.9-2020-q2-update.win32_2.0.0.202105311346/tools/bin/../lib/gcc/arm-none-eabi/9.3.1/thumb/v7e-m+dp/hard\libgcc.a(_arm_addsubdf3.o)
                0x00000000080003b0                __aeabi_drsub
                0x00000000080003b8                __aeabi_dsub
                0x00000000080003b8                __subdf3
                0x00000000080003bc                __aeabi_dadd
                0x00000000080003bc                __adddf3
                0x0000000008000634                __floatunsidf
                0x0000000008000634                __aeabi_ui2d
                0x0000000008000654                __floatsidf
                0x0000000008000654                __aeabi_i2d
                0x0000000008000678                __aeabi_f2d
                0x0000000008000678                __extendsfdf2
                0x00000000080006bc                __floatundidf
                0x00000000080006bc                __aeabi_ul2d
                0x00000000080006cc                __floatdidf
                0x00000000080006cc                __aeabi_l2d
 .text          0x0000000008000728       0x30 d:/programmi/stm32cubeide_1.4.0/stm32cubeide/plugins/com.st.stm32cube.ide.mcu.externaltools.gnu-tools-for-stm32.9-2020-q2-update.win32_2.0.0.202105311346/tools/bin/../lib/gcc/arm-none-eabi/9.3.1/thumb/v7e-m+dp/hard\libgcc.a(_aeabi_uldivmod.o)
                0x0000000008000728                __aeabi_uldivmod
 .text          0x0000000008000758       0x30 d:/programmi/stm32cubeide_1.4.0/stm32cubeide/plugins/com.st.stm32cube.ide.mcu.externaltools.gnu-tools-for-stm32.9-2020-q2-update.win32_2.0.0.202105311346/tools/bin/../lib/gcc/arm-none-eabi/9.3.1/thumb/v7e-m+dp/hard\libgcc.a(_fixdfdi.o)
                0x0000000008000758                __fixdfdi
                0x0000000008000758                __aeabi_d2lz
 .text          0x0000000008000788       0x40 d:/programmi/stm32cubeide_1.4.0/stm32cubeide/plugins/com.st.stm32cube.ide.mcu.externaltools.gnu-tools-for-stm32.9-2020-q2-update.win32_2.0.0.202105311346/tools/bin/../lib/gcc/arm-none-eabi/9.3.1/thumb/v7e-m+dp/hard\libgcc.a(_fixunsdfdi.o)
                0x0000000008000788                __fixunsdfdi
                0x0000000008000788                __aeabi_d2ulz
 .text          0x00000000080007c8      0x2c4 d:/programmi/stm32cubeide_1.4.0/stm32cubeide/plugins/com.st.stm32cube.ide.mcu.externaltools.gnu-tools-for-stm32.9-2020-q2-update.win32_2.0.0.202105311346/tools/bin/../lib/gcc/arm-none-eabi/9.3.1/thumb/v7e-m+dp/hard\libgcc.a(_udivmoddi4.o)
                0x00000000080007c8                __udivmoddi4
 .text          0x0000000008000a8c        0x4 d:/programmi/stm32cubeide_1.4.0/stm32cubeide/plugins/com.st.stm32cube.ide.mcu.externaltools.gnu-tools-for-stm32.9-2020-q2-update.win32_2.0.0.202105311346/tools/bin/../lib/gcc/arm-none-eabi/9.3.1/thumb/v7e-m+dp/hard\libgcc.a(_dvmd_tls.o)
                0x0000000008000a8c                __aeabi_idiv0
                0x0000000008000a8c                __aeabi_ldiv0
 *(.text*)
 .text.lv_disp_get_scr_act
                0x0000000008000a90       0x14 ./Core/Inc/lvgl/src/core/lv_disp.o
                0x0000000008000a90                lv_disp_get_scr_act
 .text.lv_disp_get_scr_prev
                0x0000000008000aa4       0x14 ./Core/Inc/lvgl/src/core/lv_disp.o
                0x0000000008000aa4                lv_disp_get_scr_prev
 .text.lv_disp_load_scr
                0x0000000008000ab8       0x18 ./Core/Inc/lvgl/src/core/lv_disp.o
                0x0000000008000ab8                lv_disp_load_scr
 .text.lv_disp_get_layer_top
                0x0000000008000ad0       0x14 ./Core/Inc/lvgl/src/core/lv_disp.o
                0x0000000008000ad0                lv_disp_get_layer_top
 .text.lv_disp_get_layer_sys
                0x0000000008000ae4       0x14 ./Core/Inc/lvgl/src/core/lv_disp.o
                0x0000000008000ae4                lv_disp_get_layer_sys
 .text.lv_disp_get_theme
                0x0000000008000af8       0x10 ./Core/Inc/lvgl/src/core/lv_disp.o
                0x0000000008000af8                lv_disp_get_theme
 .text.event_send_core
                0x0000000008000b08      0x10c ./Core/Inc/lvgl/src/core/lv_event.o
 .text.lv_event_send
                0x0000000008000c14       0x40 ./Core/Inc/lvgl/src/core/lv_event.o
                0x0000000008000c14                lv_event_send
 .text.lv_obj_event_base
                0x0000000008000c54       0x2c ./Core/Inc/lvgl/src/core/lv_event.o
                0x0000000008000c54                lv_obj_event_base
 .text.lv_event_get_target
                0x0000000008000c80        0x4 ./Core/Inc/lvgl/src/core/lv_event.o
                0x0000000008000c80                lv_event_get_target
 .text.lv_event_get_code
                0x0000000008000c84        0x4 ./Core/Inc/lvgl/src/core/lv_event.o
                0x0000000008000c84                lv_event_get_code
 .text.lv_event_get_param
                0x0000000008000c88        0x4 ./Core/Inc/lvgl/src/core/lv_event.o
                0x0000000008000c88                lv_event_get_param
 .text.lv_event_get_user_data
                0x0000000008000c8c        0x4 ./Core/Inc/lvgl/src/core/lv_event.o
                0x0000000008000c8c                lv_event_get_user_data
 .text._lv_event_mark_deleted
                0x0000000008000c90       0x2c ./Core/Inc/lvgl/src/core/lv_event.o
                0x0000000008000c90                _lv_event_mark_deleted
 .text.lv_obj_add_event_cb
                0x0000000008000cbc       0x4c ./Core/Inc/lvgl/src/core/lv_event.o
                0x0000000008000cbc                lv_obj_add_event_cb
 .text.lv_event_get_indev
                0x0000000008000d08       0x10 ./Core/Inc/lvgl/src/core/lv_event.o
                0x0000000008000d08                lv_event_get_indev
 .text.lv_event_set_ext_draw_size
                0x0000000008000d18       0x18 ./Core/Inc/lvgl/src/core/lv_event.o
                0x0000000008000d18                lv_event_set_ext_draw_size
 .text.lv_group_focus_obj.part.0
                0x0000000008000d30      0x1c0 ./Core/Inc/lvgl/src/core/lv_group.o
 .text.focus_next_core.part.0
                0x0000000008000ef0      0x15c ./Core/Inc/lvgl/src/core/lv_group.o
 .text._lv_group_init
                0x000000000800104c        0xc ./Core/Inc/lvgl/src/core/lv_group.o
                0x000000000800104c                _lv_group_init
 .text.lv_group_get_default
                0x0000000008001058        0xc ./Core/Inc/lvgl/src/core/lv_group.o
                0x0000000008001058                lv_group_get_default
 .text.lv_group_add_obj
                0x0000000008001064       0xec ./Core/Inc/lvgl/src/core/lv_group.o
                0x0000000008001064                lv_group_add_obj
 .text.lv_group_remove_obj
                0x0000000008001150      0x138 ./Core/Inc/lvgl/src/core/lv_group.o
                0x0000000008001150                lv_group_remove_obj
 .text.lv_group_focus_obj
                0x0000000008001288        0x8 ./Core/Inc/lvgl/src/core/lv_group.o
                0x0000000008001288                lv_group_focus_obj
 .text.lv_group_focus_next
                0x0000000008001290       0x18 ./Core/Inc/lvgl/src/core/lv_group.o
                0x0000000008001290                lv_group_focus_next
 .text.lv_group_focus_prev
                0x00000000080012a8       0x18 ./Core/Inc/lvgl/src/core/lv_group.o
                0x00000000080012a8                lv_group_focus_prev
 .text.lv_group_send_data
                0x00000000080012c0       0x28 ./Core/Inc/lvgl/src/core/lv_group.o
                0x00000000080012c0                lv_group_send_data
 .text.lv_group_set_editing
                0x00000000080012e8       0x9c ./Core/Inc/lvgl/src/core/lv_group.o
                0x00000000080012e8                lv_group_set_editing
 .text.lv_group_get_focused
                0x0000000008001384        0xc ./Core/Inc/lvgl/src/core/lv_group.o
                0x0000000008001384                lv_group_get_focused
 .text.lv_group_get_editing
                0x0000000008001390        0xc ./Core/Inc/lvgl/src/core/lv_group.o
                0x0000000008001390                lv_group_get_editing
 .text.lv_group_get_obj_count
                0x000000000800139c        0x4 ./Core/Inc/lvgl/src/core/lv_group.o
                0x000000000800139c                lv_group_get_obj_count
 .text.indev_proc_release
                0x00000000080013a0       0xb4 ./Core/Inc/lvgl/src/core/lv_indev.o
 .text.lv_indev_get_act
                0x0000000008001454        0xc ./Core/Inc/lvgl/src/core/lv_indev.o
                0x0000000008001454                lv_indev_get_act
 .text.lv_indev_get_type
                0x0000000008001460        0x8 ./Core/Inc/lvgl/src/core/lv_indev.o
                0x0000000008001460                lv_indev_get_type
 .text.lv_indev_reset
                0x0000000008001468       0xe4 ./Core/Inc/lvgl/src/core/lv_indev.o
                0x0000000008001468                lv_indev_reset
 .text.lv_indev_reset_long_press
                0x000000000800154c       0x1c ./Core/Inc/lvgl/src/core/lv_indev.o
                0x000000000800154c                lv_indev_reset_long_press
 .text.lv_indev_get_point
                0x0000000008001568       0x1c ./Core/Inc/lvgl/src/core/lv_indev.o
                0x0000000008001568                lv_indev_get_point
 .text.lv_indev_get_scroll_dir
                0x0000000008001584       0x1c ./Core/Inc/lvgl/src/core/lv_indev.o
                0x0000000008001584                lv_indev_get_scroll_dir
 .text.lv_indev_get_scroll_obj
                0x00000000080015a0       0x18 ./Core/Inc/lvgl/src/core/lv_indev.o
                0x00000000080015a0                lv_indev_get_scroll_obj
 .text.lv_indev_get_vect
                0x00000000080015b8       0x18 ./Core/Inc/lvgl/src/core/lv_indev.o
                0x00000000080015b8                lv_indev_get_vect
 .text.lv_indev_wait_release
                0x00000000080015d0        0xc ./Core/Inc/lvgl/src/core/lv_indev.o
                0x00000000080015d0                lv_indev_wait_release
 .text.lv_indev_get_obj_act
                0x00000000080015dc        0xc ./Core/Inc/lvgl/src/core/lv_indev.o
                0x00000000080015dc                lv_indev_get_obj_act
 .text.lv_indev_search_obj
                0x00000000080015e8       0x74 ./Core/Inc/lvgl/src/core/lv_indev.o
                0x00000000080015e8                lv_indev_search_obj
 .text.indev_proc_press
                0x000000000800165c      0x458 ./Core/Inc/lvgl/src/core/lv_indev.o
 .text.lv_indev_read_timer_cb
                0x0000000008001ab4      0x858 ./Core/Inc/lvgl/src/core/lv_indev.o
                0x0000000008001ab4                lv_indev_read_timer_cb
 .text.find_snap_point_y
                0x000000000800230c      0x124 ./Core/Inc/lvgl/src/core/lv_indev_scroll.o
 .text.find_snap_point_x
                0x0000000008002430      0x124 ./Core/Inc/lvgl/src/core/lv_indev_scroll.o
 .text.elastic_diff.part.0
                0x0000000008002554      0x168 ./Core/Inc/lvgl/src/core/lv_indev_scroll.o
 .text._lv_indev_scroll_handler
                0x00000000080026bc      0x534 ./Core/Inc/lvgl/src/core/lv_indev_scroll.o
                0x00000000080026bc                _lv_indev_scroll_handler
 .text._lv_indev_scroll_throw_handler
                0x0000000008002bf0      0x35c ./Core/Inc/lvgl/src/core/lv_indev_scroll.o
                0x0000000008002bf0                _lv_indev_scroll_throw_handler
 .text.lv_indev_scroll_throw_predict
                0x0000000008002f4c       0x4c ./Core/Inc/lvgl/src/core/lv_indev_scroll.o
                0x0000000008002f4c                lv_indev_scroll_throw_predict
 .text.lv_obj_draw
                0x0000000008002f98      0x494 ./Core/Inc/lvgl/src/core/lv_obj.o
 .text.lv_obj_destructor
                0x000000000800342c       0x68 ./Core/Inc/lvgl/src/core/lv_obj.o
 .text.lv_obj_constructor
                0x0000000008003494       0x68 ./Core/Inc/lvgl/src/core/lv_obj.o
 .text.obj_valid_child.isra.0
                0x00000000080034fc       0x38 ./Core/Inc/lvgl/src/core/lv_obj.o
 .text.lv_obj_set_state
                0x0000000008003534      0x258 ./Core/Inc/lvgl/src/core/lv_obj.o
 .text.lv_obj_event
                0x000000000800378c      0x3d0 ./Core/Inc/lvgl/src/core/lv_obj.o
 .text.lv_init  0x0000000008003b5c       0x54 ./Core/Inc/lvgl/src/core/lv_obj.o
                0x0000000008003b5c                lv_init
 .text.lv_obj_create
                0x0000000008003bb0       0x18 ./Core/Inc/lvgl/src/core/lv_obj.o
                0x0000000008003bb0                lv_obj_create
 .text.lv_obj_add_flag
                0x0000000008003bc8       0x4c ./Core/Inc/lvgl/src/core/lv_obj.o
                0x0000000008003bc8                lv_obj_add_flag
 .text.lv_obj_clear_flag
                0x0000000008003c14       0x54 ./Core/Inc/lvgl/src/core/lv_obj.o
                0x0000000008003c14                lv_obj_clear_flag
 .text.lv_obj_add_state
                0x0000000008003c68       0x14 ./Core/Inc/lvgl/src/core/lv_obj.o
                0x0000000008003c68                lv_obj_add_state
 .text.lv_obj_clear_state
                0x0000000008003c7c       0x14 ./Core/Inc/lvgl/src/core/lv_obj.o
                0x0000000008003c7c                lv_obj_clear_state
 .text.lv_obj_has_flag
                0x0000000008003c90       0x10 ./Core/Inc/lvgl/src/core/lv_obj.o
                0x0000000008003c90                lv_obj_has_flag
 .text.lv_obj_has_flag_any
                0x0000000008003ca0        0xc ./Core/Inc/lvgl/src/core/lv_obj.o
                0x0000000008003ca0                lv_obj_has_flag_any
 .text.lv_obj_get_state
                0x0000000008003cac        0x4 ./Core/Inc/lvgl/src/core/lv_obj.o
                0x0000000008003cac                lv_obj_get_state
 .text.lv_obj_get_group
                0x0000000008003cb0        0x8 ./Core/Inc/lvgl/src/core/lv_obj.o
                0x0000000008003cb0                lv_obj_get_group
 .text.lv_obj_allocate_spec_attr
                0x0000000008003cb8       0x38 ./Core/Inc/lvgl/src/core/lv_obj.o
                0x0000000008003cb8                lv_obj_allocate_spec_attr
 .text.lv_obj_check_type
                0x0000000008003cf0       0x10 ./Core/Inc/lvgl/src/core/lv_obj.o
                0x0000000008003cf0                lv_obj_check_type
 .text.lv_obj_is_valid
                0x0000000008003d00       0x70 ./Core/Inc/lvgl/src/core/lv_obj.o
                0x0000000008003d00                lv_obj_is_valid
 .text.lv_obj_construct
                0x0000000008003d70       0x24 ./Core/Inc/lvgl/src/core/lv_obj_class.o
 .text.lv_obj_class_create_obj
                0x0000000008003d94       0xe8 ./Core/Inc/lvgl/src/core/lv_obj_class.o
                0x0000000008003d94                lv_obj_class_create_obj
 .text.lv_obj_class_init_obj
                0x0000000008003e7c      0x100 ./Core/Inc/lvgl/src/core/lv_obj_class.o
                0x0000000008003e7c                lv_obj_class_init_obj
 .text._lv_obj_destruct
                0x0000000008003f7c       0x24 ./Core/Inc/lvgl/src/core/lv_obj_class.o
                0x0000000008003f7c                _lv_obj_destruct
 .text.lv_obj_is_editable
                0x0000000008003fa0       0x20 ./Core/Inc/lvgl/src/core/lv_obj_class.o
                0x0000000008003fa0                lv_obj_is_editable
 .text.lv_obj_init_draw_rect_dsc
                0x0000000008003fc0      0x2c8 ./Core/Inc/lvgl/src/core/lv_obj_draw.o
                0x0000000008003fc0                lv_obj_init_draw_rect_dsc
 .text.lv_obj_init_draw_label_dsc
                0x0000000008004288       0xac ./Core/Inc/lvgl/src/core/lv_obj_draw.o
                0x0000000008004288                lv_obj_init_draw_label_dsc
 .text.lv_obj_init_draw_img_dsc
                0x0000000008004334       0x98 ./Core/Inc/lvgl/src/core/lv_obj_draw.o
                0x0000000008004334                lv_obj_init_draw_img_dsc
 .text.lv_obj_init_draw_line_dsc
                0x00000000080043cc       0xa8 ./Core/Inc/lvgl/src/core/lv_obj_draw.o
                0x00000000080043cc                lv_obj_init_draw_line_dsc
 .text.lv_obj_init_draw_arc_dsc
                0x0000000008004474       0x90 ./Core/Inc/lvgl/src/core/lv_obj_draw.o
                0x0000000008004474                lv_obj_init_draw_arc_dsc
 .text.lv_obj_calculate_ext_draw_size
                0x0000000008004504       0xf0 ./Core/Inc/lvgl/src/core/lv_obj_draw.o
                0x0000000008004504                lv_obj_calculate_ext_draw_size
 .text.lv_obj_draw_dsc_init
                0x00000000080045f4       0x10 ./Core/Inc/lvgl/src/core/lv_obj_draw.o
                0x00000000080045f4                lv_obj_draw_dsc_init
 .text.lv_obj_refresh_ext_draw_size
                0x0000000008004604       0x60 ./Core/Inc/lvgl/src/core/lv_obj_draw.o
                0x0000000008004604                lv_obj_refresh_ext_draw_size
 .text._lv_obj_get_ext_draw_size
                0x0000000008004664        0xc ./Core/Inc/lvgl/src/core/lv_obj_draw.o
                0x0000000008004664                _lv_obj_get_ext_draw_size
 .text.lv_obj_move_children_by.constprop.0
                0x0000000008004670       0x5c ./Core/Inc/lvgl/src/core/lv_obj_pos.o
 .text.lv_obj_set_pos
                0x00000000080046cc       0xc4 ./Core/Inc/lvgl/src/core/lv_obj_pos.o
                0x00000000080046cc                lv_obj_set_pos
 .text.lv_obj_set_x
                0x0000000008004790       0x68 ./Core/Inc/lvgl/src/core/lv_obj_pos.o
                0x0000000008004790                lv_obj_set_x
 .text.lv_obj_set_y
                0x00000000080047f8       0x68 ./Core/Inc/lvgl/src/core/lv_obj_pos.o
                0x00000000080047f8                lv_obj_set_y
 .text.lv_obj_set_size
                0x0000000008004860       0x5c ./Core/Inc/lvgl/src/core/lv_obj_pos.o
                0x0000000008004860                lv_obj_set_size
 .text.lv_obj_set_width
                0x00000000080048bc       0x34 ./Core/Inc/lvgl/src/core/lv_obj_pos.o
                0x00000000080048bc                lv_obj_set_width
 .text.lv_obj_set_height
                0x00000000080048f0       0x34 ./Core/Inc/lvgl/src/core/lv_obj_pos.o
                0x00000000080048f0                lv_obj_set_height
 .text.lv_obj_is_layout_positioned
                0x0000000008004924       0x34 ./Core/Inc/lvgl/src/core/lv_obj_pos.o
                0x0000000008004924                lv_obj_is_layout_positioned
 .text.lv_obj_mark_layout_as_dirty
                0x0000000008004958       0x2c ./Core/Inc/lvgl/src/core/lv_obj_pos.o
                0x0000000008004958                lv_obj_mark_layout_as_dirty
 .text.lv_layout_register
                0x0000000008004984       0x3c ./Core/Inc/lvgl/src/core/lv_obj_pos.o
                0x0000000008004984                lv_layout_register
 .text.lv_obj_set_align
                0x00000000080049c0        0x8 ./Core/Inc/lvgl/src/core/lv_obj_pos.o
                0x00000000080049c0                lv_obj_set_align
 .text.lv_obj_align
                0x00000000080049c8       0xcc ./Core/Inc/lvgl/src/core/lv_obj_pos.o
                0x00000000080049c8                lv_obj_align
 .text.lv_obj_get_coords
                0x0000000008004a94        0xc ./Core/Inc/lvgl/src/core/lv_obj_pos.o
                0x0000000008004a94                lv_obj_get_coords
 .text.lv_obj_get_x
                0x0000000008004aa0       0x44 ./Core/Inc/lvgl/src/core/lv_obj_pos.o
                0x0000000008004aa0                lv_obj_get_x
 .text.lv_obj_get_y
                0x0000000008004ae4       0x44 ./Core/Inc/lvgl/src/core/lv_obj_pos.o
                0x0000000008004ae4                lv_obj_get_y
 .text.lv_obj_get_y2
                0x0000000008004b28       0x58 ./Core/Inc/lvgl/src/core/lv_obj_pos.o
                0x0000000008004b28                lv_obj_get_y2
 .text.lv_obj_get_width
                0x0000000008004b80        0xc ./Core/Inc/lvgl/src/core/lv_obj_pos.o
                0x0000000008004b80                lv_obj_get_width
 .text.lv_obj_get_height
                0x0000000008004b8c        0xc ./Core/Inc/lvgl/src/core/lv_obj_pos.o
                0x0000000008004b8c                lv_obj_get_height
 .text.lv_obj_get_content_width
                0x0000000008004b98       0x40 ./Core/Inc/lvgl/src/core/lv_obj_pos.o
                0x0000000008004b98                lv_obj_get_content_width
 .text.lv_obj_get_content_height
                0x0000000008004bd8       0x40 ./Core/Inc/lvgl/src/core/lv_obj_pos.o
                0x0000000008004bd8                lv_obj_get_content_height
 .text.lv_obj_get_content_coords
                0x0000000008004c18       0x78 ./Core/Inc/lvgl/src/core/lv_obj_pos.o
                0x0000000008004c18                lv_obj_get_content_coords
 .text.lv_obj_get_self_width
                0x0000000008004c90       0x1c ./Core/Inc/lvgl/src/core/lv_obj_pos.o
                0x0000000008004c90                lv_obj_get_self_width
 .text.lv_obj_get_self_height
                0x0000000008004cac       0x1c ./Core/Inc/lvgl/src/core/lv_obj_pos.o
                0x0000000008004cac                lv_obj_get_self_height
 .text.lv_obj_refresh_self_size
                0x0000000008004cc8       0x5c ./Core/Inc/lvgl/src/core/lv_obj_pos.o
                0x0000000008004cc8                lv_obj_refresh_self_size
 .text.lv_obj_move_children_by
                0x0000000008004d24       0xc0 ./Core/Inc/lvgl/src/core/lv_obj_pos.o
                0x0000000008004d24                lv_obj_move_children_by
 .text.lv_obj_area_is_visible
                0x0000000008004de4       0xc8 ./Core/Inc/lvgl/src/core/lv_obj_pos.o
                0x0000000008004de4                lv_obj_area_is_visible
 .text.lv_obj_invalidate_area
                0x0000000008004eac       0x2c ./Core/Inc/lvgl/src/core/lv_obj_pos.o
                0x0000000008004eac                lv_obj_invalidate_area
 .text.lv_obj_invalidate
                0x0000000008004ed8       0x4c ./Core/Inc/lvgl/src/core/lv_obj_pos.o
                0x0000000008004ed8                lv_obj_invalidate
 .text.lv_obj_move_to
                0x0000000008004f24      0x218 ./Core/Inc/lvgl/src/core/lv_obj_pos.o
                0x0000000008004f24                lv_obj_move_to
 .text.lv_obj_refr_pos.part.0
                0x000000000800513c      0x384 ./Core/Inc/lvgl/src/core/lv_obj_pos.o
 .text.lv_obj_refr_size.part.0
                0x00000000080054c0      0x4b4 ./Core/Inc/lvgl/src/core/lv_obj_pos.o
 .text.lv_obj_refr_size
                0x0000000008005974       0x14 ./Core/Inc/lvgl/src/core/lv_obj_pos.o
                0x0000000008005974                lv_obj_refr_size
 .text.layout_update_core
                0x0000000008005988       0xb8 ./Core/Inc/lvgl/src/core/lv_obj_pos.o
 .text.lv_obj_align_to
                0x0000000008005a40      0x64c ./Core/Inc/lvgl/src/core/lv_obj_pos.o
                0x0000000008005a40                lv_obj_align_to
 .text.lv_obj_update_layout
                0x000000000800608c       0x40 ./Core/Inc/lvgl/src/core/lv_obj_pos.o
                0x000000000800608c                lv_obj_update_layout
 .text.lv_obj_is_visible
                0x00000000080060cc       0x40 ./Core/Inc/lvgl/src/core/lv_obj_pos.o
                0x00000000080060cc                lv_obj_is_visible
 .text.lv_obj_set_ext_click_area
                0x000000000800610c       0x10 ./Core/Inc/lvgl/src/core/lv_obj_pos.o
                0x000000000800610c                lv_obj_set_ext_click_area
 .text.lv_obj_get_click_area
                0x000000000800611c       0x38 ./Core/Inc/lvgl/src/core/lv_obj_pos.o
                0x000000000800611c                lv_obj_get_click_area
 .text.lv_obj_hit_test
                0x0000000008006154       0x78 ./Core/Inc/lvgl/src/core/lv_obj_pos.o
                0x0000000008006154                lv_obj_hit_test
 .text.scroll_anim_ready_cb
                0x00000000080061cc        0xc ./Core/Inc/lvgl/src/core/lv_obj_scroll.o
 .text.lv_obj_get_scroll_left.part.0
                0x00000000080061d8       0xc8 ./Core/Inc/lvgl/src/core/lv_obj_scroll.o
 .text.lv_obj_get_scroll_right.part.0
                0x00000000080062a0       0xe0 ./Core/Inc/lvgl/src/core/lv_obj_scroll.o
 .text.scroll_x_anim
                0x0000000008006380       0x4c ./Core/Inc/lvgl/src/core/lv_obj_scroll.o
 .text.scroll_y_anim
                0x00000000080063cc       0x4c ./Core/Inc/lvgl/src/core/lv_obj_scroll.o
 .text.lv_obj_set_scrollbar_mode
                0x0000000008006418       0x28 ./Core/Inc/lvgl/src/core/lv_obj_scroll.o
                0x0000000008006418                lv_obj_set_scrollbar_mode
 .text.lv_obj_set_scroll_dir
                0x0000000008006440       0x20 ./Core/Inc/lvgl/src/core/lv_obj_scroll.o
                0x0000000008006440                lv_obj_set_scroll_dir
 .text.lv_obj_set_scroll_snap_x
                0x0000000008006460       0x18 ./Core/Inc/lvgl/src/core/lv_obj_scroll.o
                0x0000000008006460                lv_obj_set_scroll_snap_x
 .text.lv_obj_set_scroll_snap_y
                0x0000000008006478       0x18 ./Core/Inc/lvgl/src/core/lv_obj_scroll.o
                0x0000000008006478                lv_obj_set_scroll_snap_y
 .text.lv_obj_get_scroll_dir
                0x0000000008006490       0x10 ./Core/Inc/lvgl/src/core/lv_obj_scroll.o
                0x0000000008006490                lv_obj_get_scroll_dir
 .text.lv_obj_get_scroll_snap_x
                0x00000000080064a0        0xc ./Core/Inc/lvgl/src/core/lv_obj_scroll.o
                0x00000000080064a0                lv_obj_get_scroll_snap_x
 .text.lv_obj_get_scroll_snap_y
                0x00000000080064ac        0xc ./Core/Inc/lvgl/src/core/lv_obj_scroll.o
                0x00000000080064ac                lv_obj_get_scroll_snap_y
 .text.lv_obj_get_scroll_x
                0x00000000080064b8        0xc ./Core/Inc/lvgl/src/core/lv_obj_scroll.o
                0x00000000080064b8                lv_obj_get_scroll_x
 .text.lv_obj_get_scroll_y
                0x00000000080064c4        0xc ./Core/Inc/lvgl/src/core/lv_obj_scroll.o
                0x00000000080064c4                lv_obj_get_scroll_y
 .text.lv_obj_get_scroll_top
                0x00000000080064d0        0xc ./Core/Inc/lvgl/src/core/lv_obj_scroll.o
                0x00000000080064d0                lv_obj_get_scroll_top
 .text.lv_obj_get_scroll_bottom
                0x00000000080064dc       0xe0 ./Core/Inc/lvgl/src/core/lv_obj_scroll.o
                0x00000000080064dc                lv_obj_get_scroll_bottom
 .text.lv_obj_get_scrollbar_area.part.0
                0x00000000080065bc      0x890 ./Core/Inc/lvgl/src/core/lv_obj_scroll.o
 .text.lv_obj_get_scroll_left
                0x0000000008006e4c       0x2c ./Core/Inc/lvgl/src/core/lv_obj_scroll.o
                0x0000000008006e4c                lv_obj_get_scroll_left
 .text.lv_obj_get_scroll_right
                0x0000000008006e78       0x28 ./Core/Inc/lvgl/src/core/lv_obj_scroll.o
                0x0000000008006e78                lv_obj_get_scroll_right
 .text.lv_obj_get_scroll_end
                0x0000000008006ea0       0x5c ./Core/Inc/lvgl/src/core/lv_obj_scroll.o
                0x0000000008006ea0                lv_obj_get_scroll_end
 .text.lv_obj_scroll_by
                0x0000000008006efc      0x15c ./Core/Inc/lvgl/src/core/lv_obj_scroll.o
                0x0000000008006efc                lv_obj_scroll_by
 .text.scroll_area_into_view.isra.0
                0x0000000008007058      0x348 ./Core/Inc/lvgl/src/core/lv_obj_scroll.o
 .text.lv_obj_scroll_to_x
                0x00000000080073a0      0x178 ./Core/Inc/lvgl/src/core/lv_obj_scroll.o
                0x00000000080073a0                lv_obj_scroll_to_x
 .text.lv_obj_scroll_to
                0x0000000008007518      0x148 ./Core/Inc/lvgl/src/core/lv_obj_scroll.o
                0x0000000008007518                lv_obj_scroll_to
 .text.lv_obj_scroll_to_y
                0x0000000008007660      0x140 ./Core/Inc/lvgl/src/core/lv_obj_scroll.o
                0x0000000008007660                lv_obj_scroll_to_y
 .text.lv_obj_scroll_to_view_recursive
                0x00000000080077a0       0x40 ./Core/Inc/lvgl/src/core/lv_obj_scroll.o
                0x00000000080077a0                lv_obj_scroll_to_view_recursive
 .text.lv_obj_get_scrollbar_area
                0x00000000080077e0       0x48 ./Core/Inc/lvgl/src/core/lv_obj_scroll.o
                0x00000000080077e0                lv_obj_get_scrollbar_area
 .text.lv_obj_scrollbar_invalidate
                0x0000000008007828       0x7c ./Core/Inc/lvgl/src/core/lv_obj_scroll.o
                0x0000000008007828                lv_obj_scrollbar_invalidate
 .text.lv_obj_readjust_scroll
                0x00000000080078a4      0x100 ./Core/Inc/lvgl/src/core/lv_obj_scroll.o
                0x00000000080078a4                lv_obj_readjust_scroll
 .text.trans_del
                0x00000000080079a4      0x168 ./Core/Inc/lvgl/src/core/lv_obj_style.o
 .text.refresh_children_style
                0x0000000008007b0c       0x3c ./Core/Inc/lvgl/src/core/lv_obj_style.o
 .text.get_trans_style
                0x0000000008007b48       0xac ./Core/Inc/lvgl/src/core/lv_obj_style.o
 .text._lv_obj_style_init
                0x0000000008007bf4        0xc ./Core/Inc/lvgl/src/core/lv_obj_style.o
                0x0000000008007bf4                _lv_obj_style_init
 .text.lv_obj_enable_style_refresh
                0x0000000008007c00        0xc ./Core/Inc/lvgl/src/core/lv_obj_style.o
                0x0000000008007c00                lv_obj_enable_style_refresh
 .text.lv_obj_get_style_prop
                0x0000000008007c0c      0x1f0 ./Core/Inc/lvgl/src/core/lv_obj_style.o
                0x0000000008007c0c                lv_obj_get_style_prop
 .text.lv_obj_refresh_style.part.0
                0x0000000008007dfc      0x11c ./Core/Inc/lvgl/src/core/lv_obj_style.o
 .text.lv_obj_refresh_style
                0x0000000008007f18       0x10 ./Core/Inc/lvgl/src/core/lv_obj_style.o
                0x0000000008007f18                lv_obj_refresh_style
 .text.lv_obj_add_style
                0x0000000008007f28       0xe0 ./Core/Inc/lvgl/src/core/lv_obj_style.o
                0x0000000008007f28                lv_obj_add_style
 .text.report_style_change_core
                0x0000000008008008       0x64 ./Core/Inc/lvgl/src/core/lv_obj_style.o
 .text.trans_anim_cb
                0x000000000800806c      0x194 ./Core/Inc/lvgl/src/core/lv_obj_style.o
 .text.lv_obj_remove_style
                0x0000000008008200      0x144 ./Core/Inc/lvgl/src/core/lv_obj_style.o
                0x0000000008008200                lv_obj_remove_style
 .text.trans_anim_ready_cb
                0x0000000008008344       0xc4 ./Core/Inc/lvgl/src/core/lv_obj_style.o
 .text.lv_obj_report_style_change
                0x0000000008008408       0xa8 ./Core/Inc/lvgl/src/core/lv_obj_style.o
                0x0000000008008408                lv_obj_report_style_change
 .text.trans_anim_start_cb
                0x00000000080084b0       0x44 ./Core/Inc/lvgl/src/core/lv_obj_style.o
 .text.lv_obj_set_local_style_prop
                0x00000000080084f4       0xf4 ./Core/Inc/lvgl/src/core/lv_obj_style.o
                0x00000000080084f4                lv_obj_set_local_style_prop
 .text.lv_obj_get_local_style_prop
                0x00000000080085e8       0x3c ./Core/Inc/lvgl/src/core/lv_obj_style.o
                0x00000000080085e8                lv_obj_get_local_style_prop
 .text.lv_obj_remove_local_style_prop
                0x0000000008008624       0x3c ./Core/Inc/lvgl/src/core/lv_obj_style.o
                0x0000000008008624                lv_obj_remove_local_style_prop
 .text._lv_obj_style_create_transition
                0x0000000008008660      0x168 ./Core/Inc/lvgl/src/core/lv_obj_style.o
                0x0000000008008660                _lv_obj_style_create_transition
 .text._lv_obj_style_state_compare
                0x00000000080087c8      0x27c ./Core/Inc/lvgl/src/core/lv_obj_style.o
                0x00000000080087c8                _lv_obj_style_state_compare
 .text.lv_obj_style_get_selector_state
                0x0000000008008a44        0x4 ./Core/Inc/lvgl/src/core/lv_obj_style.o
                0x0000000008008a44                lv_obj_style_get_selector_state
 .text.lv_obj_style_get_selector_part
                0x0000000008008a48        0x8 ./Core/Inc/lvgl/src/core/lv_obj_style.o
                0x0000000008008a48                lv_obj_style_get_selector_part
 .text.lv_obj_calculate_style_text_align
                0x0000000008008a50       0x28 ./Core/Inc/lvgl/src/core/lv_obj_style.o
                0x0000000008008a50                lv_obj_calculate_style_text_align
 .text.lv_obj_set_style_width
                0x0000000008008a78       0x14 ./Core/Inc/lvgl/src/core/lv_obj_style_gen.o
                0x0000000008008a78                lv_obj_set_style_width
 .text.lv_obj_set_style_height
                0x0000000008008a8c       0x14 ./Core/Inc/lvgl/src/core/lv_obj_style_gen.o
                0x0000000008008a8c                lv_obj_set_style_height
 .text.lv_obj_set_style_x
                0x0000000008008aa0       0x14 ./Core/Inc/lvgl/src/core/lv_obj_style_gen.o
                0x0000000008008aa0                lv_obj_set_style_x
 .text.lv_obj_set_style_y
                0x0000000008008ab4       0x14 ./Core/Inc/lvgl/src/core/lv_obj_style_gen.o
                0x0000000008008ab4                lv_obj_set_style_y
 .text.lv_obj_set_style_align
                0x0000000008008ac8       0x14 ./Core/Inc/lvgl/src/core/lv_obj_style_gen.o
                0x0000000008008ac8                lv_obj_set_style_align
 .text.lv_obj_set_style_transform_angle
                0x0000000008008adc       0x14 ./Core/Inc/lvgl/src/core/lv_obj_style_gen.o
                0x0000000008008adc                lv_obj_set_style_transform_angle
 .text.lv_obj_set_style_pad_top
                0x0000000008008af0       0x14 ./Core/Inc/lvgl/src/core/lv_obj_style_gen.o
                0x0000000008008af0                lv_obj_set_style_pad_top
 .text.lv_obj_set_style_pad_bottom
                0x0000000008008b04       0x14 ./Core/Inc/lvgl/src/core/lv_obj_style_gen.o
                0x0000000008008b04                lv_obj_set_style_pad_bottom
 .text.lv_obj_set_style_pad_left
                0x0000000008008b18       0x14 ./Core/Inc/lvgl/src/core/lv_obj_style_gen.o
                0x0000000008008b18                lv_obj_set_style_pad_left
 .text.lv_obj_set_style_pad_right
                0x0000000008008b2c       0x14 ./Core/Inc/lvgl/src/core/lv_obj_style_gen.o
                0x0000000008008b2c                lv_obj_set_style_pad_right
 .text.lv_obj_set_style_pad_column
                0x0000000008008b40       0x14 ./Core/Inc/lvgl/src/core/lv_obj_style_gen.o
                0x0000000008008b40                lv_obj_set_style_pad_column
 .text.lv_obj_set_style_radius
                0x0000000008008b54       0x14 ./Core/Inc/lvgl/src/core/lv_obj_style_gen.o
                0x0000000008008b54                lv_obj_set_style_radius
 .text.lv_obj_set_style_layout
                0x0000000008008b68       0x14 ./Core/Inc/lvgl/src/core/lv_obj_style_gen.o
                0x0000000008008b68                lv_obj_set_style_layout
 .text.lv_obj_set_style_base_dir
                0x0000000008008b7c       0x14 ./Core/Inc/lvgl/src/core/lv_obj_style_gen.o
                0x0000000008008b7c                lv_obj_set_style_base_dir
 .text.lv_obj_set_style_bg_color
                0x0000000008008b90       0x24 ./Core/Inc/lvgl/src/core/lv_obj_style_gen.o
                0x0000000008008b90                lv_obj_set_style_bg_color
 .text.lv_obj_set_style_bg_opa
                0x0000000008008bb4       0x14 ./Core/Inc/lvgl/src/core/lv_obj_style_gen.o
                0x0000000008008bb4                lv_obj_set_style_bg_opa
 .text.lv_obj_set_style_bg_img_src
                0x0000000008008bc8       0x14 ./Core/Inc/lvgl/src/core/lv_obj_style_gen.o
                0x0000000008008bc8                lv_obj_set_style_bg_img_src
 .text.lv_obj_set_style_text_color
                0x0000000008008bdc       0x28 ./Core/Inc/lvgl/src/core/lv_obj_style_gen.o
                0x0000000008008bdc                lv_obj_set_style_text_color
 .text.lv_obj_set_style_text_font
                0x0000000008008c04       0x14 ./Core/Inc/lvgl/src/core/lv_obj_style_gen.o
                0x0000000008008c04                lv_obj_set_style_text_font
 .text.lv_obj_set_style_text_align
                0x0000000008008c18       0x14 ./Core/Inc/lvgl/src/core/lv_obj_style_gen.o
                0x0000000008008c18                lv_obj_set_style_text_align
 .text.obj_del_core
                0x0000000008008c2c      0x1a4 ./Core/Inc/lvgl/src/core/lv_obj_tree.o
 .text.lv_obj_del_async_cb
                0x0000000008008dd0       0x98 ./Core/Inc/lvgl/src/core/lv_obj_tree.o
 .text.lv_obj_del
                0x0000000008008e68       0x98 ./Core/Inc/lvgl/src/core/lv_obj_tree.o
                0x0000000008008e68                lv_obj_del
 .text.lv_obj_del_async
                0x0000000008008f00        0xc ./Core/Inc/lvgl/src/core/lv_obj_tree.o
                0x0000000008008f00                lv_obj_del_async
 .text.lv_obj_get_screen
                0x0000000008008f0c       0x10 ./Core/Inc/lvgl/src/core/lv_obj_tree.o
                0x0000000008008f0c                lv_obj_get_screen
 .text.lv_obj_get_disp
                0x0000000008008f1c       0x4c ./Core/Inc/lvgl/src/core/lv_obj_tree.o
                0x0000000008008f1c                lv_obj_get_disp
 .text.lv_obj_get_parent
                0x0000000008008f68        0x8 ./Core/Inc/lvgl/src/core/lv_obj_tree.o
                0x0000000008008f68                lv_obj_get_parent
 .text.lv_obj_get_child
                0x0000000008008f70       0x20 ./Core/Inc/lvgl/src/core/lv_obj_tree.o
                0x0000000008008f70                lv_obj_get_child
 .text.lv_obj_get_child_cnt
                0x0000000008008f90        0x8 ./Core/Inc/lvgl/src/core/lv_obj_tree.o
                0x0000000008008f90                lv_obj_get_child_cnt
 .text.lv_obj_get_child_id
                0x0000000008008f98       0x54 ./Core/Inc/lvgl/src/core/lv_obj_tree.o
                0x0000000008008f98                lv_obj_get_child_id
 .text.draw_buf_flush
                0x0000000008008fec      0x4a0 ./Core/Inc/lvgl/src/core/lv_refr.o
 .text.lv_refr_obj.part.0
                0x000000000800948c      0x128 ./Core/Inc/lvgl/src/core/lv_refr.o
 .text.lv_refr_obj_and_children
                0x00000000080095b4       0xbc ./Core/Inc/lvgl/src/core/lv_refr.o
 .text.lv_refr_get_top_obj.part.0
                0x0000000008009670       0x84 ./Core/Inc/lvgl/src/core/lv_refr.o
 .text.lv_refr_area_part
                0x00000000080096f4      0x1b0 ./Core/Inc/lvgl/src/core/lv_refr.o
 .text._lv_refr_init
                0x00000000080098a4        0x4 ./Core/Inc/lvgl/src/core/lv_refr.o
                0x00000000080098a4                _lv_refr_init
 .text._lv_inv_area
                0x00000000080098a8       0xe0 ./Core/Inc/lvgl/src/core/lv_refr.o
                0x00000000080098a8                _lv_inv_area
 .text._lv_refr_get_disp_refreshing
                0x0000000008009988        0xc ./Core/Inc/lvgl/src/core/lv_refr.o
                0x0000000008009988                _lv_refr_get_disp_refreshing
 .text._lv_disp_refr_timer
                0x0000000008009994      0x618 ./Core/Inc/lvgl/src/core/lv_refr.o
                0x0000000008009994                _lv_disp_refr_timer
 .text.apply_theme
                0x0000000008009fac       0x20 ./Core/Inc/lvgl/src/core/lv_theme.o
 .text.lv_theme_apply
                0x0000000008009fcc       0xa8 ./Core/Inc/lvgl/src/core/lv_theme.o
                0x0000000008009fcc                lv_theme_apply
 .text.lv_theme_get_font_large
                0x000000000800a074       0x28 ./Core/Inc/lvgl/src/core/lv_theme.o
                0x000000000800a074                lv_theme_get_font_large
 .text.lv_theme_get_color_primary
                0x000000000800a09c       0x28 ./Core/Inc/lvgl/src/core/lv_theme.o
                0x000000000800a09c                lv_theme_get_color_primary
 .text.get_rounded_area
                0x000000000800a0c4       0xb8 ./Core/Inc/lvgl/src/draw/lv_draw_arc.o
 .text.lv_draw_arc_dsc_init
                0x000000000800a17c       0x18 ./Core/Inc/lvgl/src/draw/lv_draw_arc.o
                0x000000000800a17c                lv_draw_arc_dsc_init
 .text.lv_draw_arc
                0x000000000800a194      0xd64 ./Core/Inc/lvgl/src/draw/lv_draw_arc.o
                0x000000000800a194                lv_draw_arc
 .text.lv_draw_arc_get_area
                0x000000000800aef8      0x500 ./Core/Inc/lvgl/src/draw/lv_draw_arc.o
                0x000000000800aef8                lv_draw_arc_get_area
 .text.color_blend_true_color_additive
                0x000000000800b3f8       0x9c ./Core/Inc/lvgl/src/draw/lv_draw_blend.o
 .text.color_blend_true_color_subtractive
                0x000000000800b494       0x9c ./Core/Inc/lvgl/src/draw/lv_draw_blend.o
 .text._lv_blend_fill
                0x000000000800b530      0x898 ./Core/Inc/lvgl/src/draw/lv_draw_blend.o
                0x000000000800b530                _lv_blend_fill
 .text._lv_blend_map
                0x000000000800bdc8      0x8f8 ./Core/Inc/lvgl/src/draw/lv_draw_blend.o
                0x000000000800bdc8                _lv_blend_map
 .text.lv_draw_map
                0x000000000800c6c0      0x670 ./Core/Inc/lvgl/src/draw/lv_draw_img.o
 .text.lv_draw_img_dsc_init
                0x000000000800cd30       0x24 ./Core/Inc/lvgl/src/draw/lv_draw_img.o
                0x000000000800cd30                lv_draw_img_dsc_init
 .text.lv_draw_img
                0x000000000800cd54      0x2c4 ./Core/Inc/lvgl/src/draw/lv_draw_img.o
                0x000000000800cd54                lv_draw_img
 .text.lv_img_cf_get_px_size
                0x000000000800d018       0x18 ./Core/Inc/lvgl/src/draw/lv_draw_img.o
                0x000000000800d018                lv_img_cf_get_px_size
 .text.lv_img_cf_is_chroma_keyed
                0x000000000800d030       0x14 ./Core/Inc/lvgl/src/draw/lv_draw_img.o
                0x000000000800d030                lv_img_cf_is_chroma_keyed
 .text.lv_img_cf_has_alpha
                0x000000000800d044       0x1c ./Core/Inc/lvgl/src/draw/lv_draw_img.o
                0x000000000800d044                lv_img_cf_has_alpha
 .text.lv_img_src_get_type
                0x000000000800d060       0x20 ./Core/Inc/lvgl/src/draw/lv_draw_img.o
                0x000000000800d060                lv_img_src_get_type
 .text.lv_draw_label_dsc_init
                0x000000000800d080       0x30 ./Core/Inc/lvgl/src/draw/lv_draw_label.o
                0x000000000800d080                lv_draw_label_dsc_init
 .text.lv_draw_label
                0x000000000800d0b0      0xa74 ./Core/Inc/lvgl/src/draw/lv_draw_label.o
                0x000000000800d0b0                lv_draw_label
 .text.lv_draw_line_dsc_init
                0x000000000800db24       0x18 ./Core/Inc/lvgl/src/draw/lv_draw_line.o
                0x000000000800db24                lv_draw_line_dsc_init
 .text.lv_draw_line
                0x000000000800db3c      0x998 ./Core/Inc/lvgl/src/draw/lv_draw_line.o
                0x000000000800db3c                lv_draw_line
 .text.lv_draw_mask_radius
                0x000000000800e4d4      0x2fc ./Core/Inc/lvgl/src/draw/lv_draw_mask.o
 .text.lv_draw_mask_line
                0x000000000800e7d0      0x4e0 ./Core/Inc/lvgl/src/draw/lv_draw_mask.o
 .text.lv_draw_mask_angle
                0x000000000800ecb0      0x2b4 ./Core/Inc/lvgl/src/draw/lv_draw_mask.o
 .text.lv_draw_mask_add
                0x000000000800ef64       0xbc ./Core/Inc/lvgl/src/draw/lv_draw_mask.o
                0x000000000800ef64                lv_draw_mask_add
 .text.lv_draw_mask_apply
                0x000000000800f020       0x54 ./Core/Inc/lvgl/src/draw/lv_draw_mask.o
                0x000000000800f020                lv_draw_mask_apply
 .text.lv_draw_mask_remove_id
                0x000000000800f074       0x28 ./Core/Inc/lvgl/src/draw/lv_draw_mask.o
                0x000000000800f074                lv_draw_mask_remove_id
 .text.lv_draw_mask_remove_custom
                0x000000000800f09c      0x14c ./Core/Inc/lvgl/src/draw/lv_draw_mask.o
                0x000000000800f09c                lv_draw_mask_remove_custom
 .text.lv_draw_mask_free_param
                0x000000000800f1e8       0x30 ./Core/Inc/lvgl/src/draw/lv_draw_mask.o
                0x000000000800f1e8                lv_draw_mask_free_param
 .text._lv_draw_mask_cleanup
                0x000000000800f218       0x38 ./Core/Inc/lvgl/src/draw/lv_draw_mask.o
                0x000000000800f218                _lv_draw_mask_cleanup
 .text.lv_draw_mask_is_any
                0x000000000800f250       0x5c ./Core/Inc/lvgl/src/draw/lv_draw_mask.o
                0x000000000800f250                lv_draw_mask_is_any
 .text.lv_draw_mask_line_points_init
                0x000000000800f2ac      0x158 ./Core/Inc/lvgl/src/draw/lv_draw_mask.o
                0x000000000800f2ac                lv_draw_mask_line_points_init
 .text.lv_draw_mask_angle_init
                0x000000000800f404      0x128 ./Core/Inc/lvgl/src/draw/lv_draw_mask.o
                0x000000000800f404                lv_draw_mask_angle_init
 .text.lv_draw_mask_radius_init
                0x000000000800f52c      0x57c ./Core/Inc/lvgl/src/draw/lv_draw_mask.o
                0x000000000800f52c                lv_draw_mask_radius_init
 .text.shadow_blur_corner
                0x000000000800faa8      0x2a4 ./Core/Inc/lvgl/src/draw/lv_draw_rect.o
 .text.lv_draw_rect_dsc_init
                0x000000000800fd4c       0x44 ./Core/Inc/lvgl/src/draw/lv_draw_rect.o
                0x000000000800fd4c                lv_draw_rect_dsc_init
 .text.draw_border_generic
                0x000000000800fd90      0x884 ./Core/Inc/lvgl/src/draw/lv_draw_rect.o
                0x000000000800fd90                draw_border_generic
 .text.lv_draw_rect
                0x0000000008010614     0x1dcc ./Core/Inc/lvgl/src/draw/lv_draw_rect.o
                0x0000000008010614                lv_draw_rect
 .text.lv_img_buf_get_px_color
                0x00000000080123e0       0xfc ./Core/Inc/lvgl/src/draw/lv_img_buf.o
                0x00000000080123e0                lv_img_buf_get_px_color
 .text.lv_img_buf_get_px_alpha
                0x00000000080124dc       0xf8 ./Core/Inc/lvgl/src/draw/lv_img_buf.o
                0x00000000080124dc                lv_img_buf_get_px_alpha
 .text._lv_img_buf_transform_init
                0x00000000080125d4      0x120 ./Core/Inc/lvgl/src/draw/lv_img_buf.o
                0x00000000080125d4                _lv_img_buf_transform_init
 .text._lv_img_buf_get_transformed_area
                0x00000000080126f4      0x1dc ./Core/Inc/lvgl/src/draw/lv_img_buf.o
                0x00000000080126f4                _lv_img_buf_get_transformed_area
 .text._lv_img_buf_transform_anti_alias
                0x00000000080128d0      0x344 ./Core/Inc/lvgl/src/draw/lv_img_buf.o
                0x00000000080128d0                _lv_img_buf_transform_anti_alias
 .text._lv_img_buf_transform
                0x0000000008012c14      0x168 ./Core/Inc/lvgl/src/draw/lv_img_buf.o
                0x0000000008012c14                _lv_img_buf_transform
 .text._lv_img_cache_open
                0x0000000008012d7c       0x60 ./Core/Inc/lvgl/src/draw/lv_img_cache.o
                0x0000000008012d7c                _lv_img_cache_open
 .text.lv_img_decoder_built_in_close
                0x0000000008012ddc       0x34 ./Core/Inc/lvgl/src/draw/lv_img_decoder.o
                0x0000000008012ddc                lv_img_decoder_built_in_close
 .text.lv_img_decoder_built_in_info
                0x0000000008012e10       0xc4 ./Core/Inc/lvgl/src/draw/lv_img_decoder.o
                0x0000000008012e10                lv_img_decoder_built_in_info
 .text.lv_img_decoder_built_in_read_line
                0x0000000008012ed4      0x388 ./Core/Inc/lvgl/src/draw/lv_img_decoder.o
                0x0000000008012ed4                lv_img_decoder_built_in_read_line
 .text.lv_img_decoder_built_in_open
                0x000000000801325c      0x224 ./Core/Inc/lvgl/src/draw/lv_img_decoder.o
                0x000000000801325c                lv_img_decoder_built_in_open
 .text._lv_img_decoder_init
                0x0000000008013480       0x44 ./Core/Inc/lvgl/src/draw/lv_img_decoder.o
                0x0000000008013480                _lv_img_decoder_init
 .text.lv_img_decoder_get_info
                0x00000000080134c4       0x60 ./Core/Inc/lvgl/src/draw/lv_img_decoder.o
                0x00000000080134c4                lv_img_decoder_get_info
 .text.lv_img_decoder_open
                0x0000000008013524       0xd8 ./Core/Inc/lvgl/src/draw/lv_img_decoder.o
                0x0000000008013524                lv_img_decoder_open
 .text.lv_img_decoder_read_line
                0x00000000080135fc       0x28 ./Core/Inc/lvgl/src/draw/lv_img_decoder.o
                0x00000000080135fc                lv_img_decoder_read_line
 .text.lv_img_decoder_close
                0x0000000008013624       0x24 ./Core/Inc/lvgl/src/draw/lv_img_decoder.o
                0x0000000008013624                lv_img_decoder_close
 .text.lv_area_get_width
                0x0000000008013648        0xc ./Core/Inc/lvgl/src/extra/layouts/flex/lv_flex.o
 .text.lv_area_get_height
                0x0000000008013654        0xc ./Core/Inc/lvgl/src/extra/layouts/flex/lv_flex.o
 .text.place_content
                0x0000000008013660       0xa8 ./Core/Inc/lvgl/src/extra/layouts/flex/lv_flex.o
 .text.find_track_end
                0x0000000008013708      0x290 ./Core/Inc/lvgl/src/extra/layouts/flex/lv_flex.o
 .text.flex_update
                0x0000000008013998      0x894 ./Core/Inc/lvgl/src/extra/layouts/flex/lv_flex.o
 .text.lv_flex_init
                0x000000000801422c       0x54 ./Core/Inc/lvgl/src/extra/layouts/flex/lv_flex.o
                0x000000000801422c                lv_flex_init
 .text.lv_obj_set_flex_flow
                0x0000000008014280       0x28 ./Core/Inc/lvgl/src/extra/layouts/flex/lv_flex.o
                0x0000000008014280                lv_obj_set_flex_flow
 .text.lv_obj_set_flex_align
                0x00000000080142a8       0x50 ./Core/Inc/lvgl/src/extra/layouts/flex/lv_flex.o
                0x00000000080142a8                lv_obj_set_flex_align
 .text.lv_obj_set_flex_grow
                0x00000000080142f8       0x24 ./Core/Inc/lvgl/src/extra/layouts/flex/lv_flex.o
                0x00000000080142f8                lv_obj_set_flex_grow
 .text.grid_update
                0x000000000801431c      0xde8 ./Core/Inc/lvgl/src/extra/layouts/grid/lv_grid.o
 .text.lv_grid_init
                0x0000000008015104       0xb8 ./Core/Inc/lvgl/src/extra/layouts/grid/lv_grid.o
                0x0000000008015104                lv_grid_init
 .text.lv_extra_init
                0x00000000080151bc       0x10 ./Core/Inc/lvgl/src/extra/lv_extra.o
                0x00000000080151bc                lv_extra_init
 .text.theme_apply
                0x00000000080151cc      0xd78 ./Core/Inc/lvgl/src/extra/themes/default/lv_theme_default.o
 .text.grey_filter_cb
                0x0000000008015f44       0x70 ./Core/Inc/lvgl/src/extra/themes/default/lv_theme_default.o
 .text.dark_color_filter_cb
                0x0000000008015fb4        0x8 ./Core/Inc/lvgl/src/extra/themes/default/lv_theme_default.o
 .text.lv_theme_default_init
                0x0000000008015fbc     0x2940 ./Core/Inc/lvgl/src/extra/themes/default/lv_theme_default.o
                0x0000000008015fbc                lv_theme_default_init
 .text.lv_theme_default_is_inited
                0x00000000080188fc        0xc ./Core/Inc/lvgl/src/extra/themes/default/lv_theme_default.o
                0x00000000080188fc                lv_theme_default_is_inited
 .text.draw_part_begin_event_cb
                0x0000000008018908       0xac ./Core/Inc/lvgl/src/extra/widgets/calendar/lv_calendar.o
 .text.highlight_update
                0x00000000080189b4       0xec ./Core/Inc/lvgl/src/extra/widgets/calendar/lv_calendar.o
 .text.lv_calendar_set_showed_date
                0x0000000008018aa0      0x278 ./Core/Inc/lvgl/src/extra/widgets/calendar/lv_calendar.o
                0x0000000008018aa0                lv_calendar_set_showed_date
 .text.lv_calendar_constructor
                0x0000000008018d18       0xc4 ./Core/Inc/lvgl/src/extra/widgets/calendar/lv_calendar.o
 .text.lv_calendar_get_showed_date
                0x0000000008018ddc        0x4 ./Core/Inc/lvgl/src/extra/widgets/calendar/lv_calendar.o
                0x0000000008018ddc                lv_calendar_get_showed_date
 .text.month_event_cb
                0x0000000008018de0       0x88 ./Core/Inc/lvgl/src/extra/widgets/calendar/lv_calendar_header_arrow.o
 .text.my_constructor
                0x0000000008018e68      0x19c ./Core/Inc/lvgl/src/extra/widgets/calendar/lv_calendar_header_arrow.o
 .text.month_event_cb
                0x0000000008019004       0x34 ./Core/Inc/lvgl/src/extra/widgets/calendar/lv_calendar_header_dropdown.o
 .text.year_event_cb
                0x0000000008019038       0x38 ./Core/Inc/lvgl/src/extra/widgets/calendar/lv_calendar_header_dropdown.o
 .text.my_constructor
                0x0000000008019070      0x154 ./Core/Inc/lvgl/src/extra/widgets/calendar/lv_calendar_header_dropdown.o
 .text.draw_x_ticks
                0x00000000080191c4      0x3c4 ./Core/Inc/lvgl/src/extra/widgets/chart/lv_chart.o
 .text.lv_chart_destructor
                0x0000000008019588       0x54 ./Core/Inc/lvgl/src/extra/widgets/chart/lv_chart.o
 .text.lv_chart_constructor
                0x00000000080195dc       0x50 ./Core/Inc/lvgl/src/extra/widgets/chart/lv_chart.o
 .text.invalidate_point.part.0
                0x000000000801962c      0x18c ./Core/Inc/lvgl/src/extra/widgets/chart/lv_chart.o
 .text.new_points_alloc.isra.0
                0x00000000080197b8      0x13c ./Core/Inc/lvgl/src/extra/widgets/chart/lv_chart.o
 .text.lv_chart_create
                0x00000000080198f4       0x18 ./Core/Inc/lvgl/src/extra/widgets/chart/lv_chart.o
                0x00000000080198f4                lv_chart_create
 .text.lv_chart_set_point_count
                0x000000000801990c       0xac ./Core/Inc/lvgl/src/extra/widgets/chart/lv_chart.o
                0x000000000801990c                lv_chart_set_point_count
 .text.lv_chart_set_range
                0x00000000080199b8       0x48 ./Core/Inc/lvgl/src/extra/widgets/chart/lv_chart.o
                0x00000000080199b8                lv_chart_set_range
 .text.lv_chart_set_div_line_count
                0x0000000008019a00       0x20 ./Core/Inc/lvgl/src/extra/widgets/chart/lv_chart.o
                0x0000000008019a00                lv_chart_set_div_line_count
 .text.lv_chart_set_zoom_x
                0x0000000008019a20       0x28 ./Core/Inc/lvgl/src/extra/widgets/chart/lv_chart.o
                0x0000000008019a20                lv_chart_set_zoom_x
 .text.lv_chart_set_axis_tick
                0x0000000008019a48       0x68 ./Core/Inc/lvgl/src/extra/widgets/chart/lv_chart.o
                0x0000000008019a48                lv_chart_set_axis_tick
 .text.lv_chart_get_point_pos_by_id
                0x0000000008019ab0      0x1e4 ./Core/Inc/lvgl/src/extra/widgets/chart/lv_chart.o
                0x0000000008019ab0                lv_chart_get_point_pos_by_id
 .text.lv_chart_event
                0x0000000008019c94     0x182c ./Core/Inc/lvgl/src/extra/widgets/chart/lv_chart.o
 .text.lv_chart_refresh
                0x000000000801b4c0        0x4 ./Core/Inc/lvgl/src/extra/widgets/chart/lv_chart.o
                0x000000000801b4c0                lv_chart_refresh
 .text.lv_chart_add_series
                0x000000000801b4c4       0xa0 ./Core/Inc/lvgl/src/extra/widgets/chart/lv_chart.o
                0x000000000801b4c4                lv_chart_add_series
 .text.lv_chart_set_ext_y_array
                0x000000000801b564       0x30 ./Core/Inc/lvgl/src/extra/widgets/chart/lv_chart.o
                0x000000000801b564                lv_chart_set_ext_y_array
 .text.get_knob_area
                0x000000000801b594       0x94 ./Core/Inc/lvgl/src/extra/widgets/colorwheel/lv_colorwheel.o
 .text.refr_knob_pos
                0x000000000801b628       0xac ./Core/Inc/lvgl/src/extra/widgets/colorwheel/lv_colorwheel.o
 .text.lv_colorwheel_constructor
                0x000000000801b6d4       0x50 ./Core/Inc/lvgl/src/extra/widgets/colorwheel/lv_colorwheel.o
 .text.lv_colorwheel_event
                0x000000000801b724      0xbf4 ./Core/Inc/lvgl/src/extra/widgets/colorwheel/lv_colorwheel.o
 .text.lv_keyboard_constructor
                0x000000000801c318       0x68 ./Core/Inc/lvgl/src/extra/widgets/keyboard/lv_keyboard.o
 .text.lv_keyboard_def_event_cb
                0x000000000801c380      0x23c ./Core/Inc/lvgl/src/extra/widgets/keyboard/lv_keyboard.o
                0x000000000801c380                lv_keyboard_def_event_cb
 .text.lv_led_constructor
                0x000000000801c5bc       0x14 ./Core/Inc/lvgl/src/extra/widgets/led/lv_led.o
 .text.lv_led_event
                0x000000000801c5d0      0x430 ./Core/Inc/lvgl/src/extra/widgets/led/lv_led.o
 .text.lv_list_create
                0x000000000801ca00       0x20 ./Core/Inc/lvgl/src/extra/widgets/list/lv_list.o
                0x000000000801ca00                lv_list_create
 .text.lv_list_add_text
                0x000000000801ca20       0x38 ./Core/Inc/lvgl/src/extra/widgets/list/lv_list.o
                0x000000000801ca20                lv_list_add_text
 .text.lv_list_add_btn
                0x000000000801ca58       0x64 ./Core/Inc/lvgl/src/extra/widgets/list/lv_list.o
                0x000000000801ca58                lv_list_add_btn
 .text.lv_meter_destructor
                0x000000000801cabc       0x18 ./Core/Inc/lvgl/src/extra/widgets/meter/lv_meter.o
 .text.lv_meter_constructor
                0x000000000801cad4       0x1c ./Core/Inc/lvgl/src/extra/widgets/meter/lv_meter.o
 .text.lv_meter_event
                0x000000000801caf0      0x9b0 ./Core/Inc/lvgl/src/extra/widgets/meter/lv_meter.o
 .text.msgbox_close_click_event_cb
                0x000000000801d4a0       0x30 ./Core/Inc/lvgl/src/extra/widgets/msgbox/lv_msgbox.o
 .text.lv_msgbox_create
                0x000000000801d4d0      0x230 ./Core/Inc/lvgl/src/extra/widgets/msgbox/lv_msgbox.o
                0x000000000801d4d0                lv_msgbox_create
 .text.lv_spinbox_updatevalue
                0x000000000801d700      0x4f0 ./Core/Inc/lvgl/src/extra/widgets/spinbox/lv_spinbox.o
 .text.lv_spinbox_constructor
                0x000000000801dbf0       0x50 ./Core/Inc/lvgl/src/extra/widgets/spinbox/lv_spinbox.o
 .text.lv_spinbox_event
                0x000000000801dc40      0x254 ./Core/Inc/lvgl/src/extra/widgets/spinbox/lv_spinbox.o
 .text.lv_spinner_constructor
                0x000000000801de94       0x80 ./Core/Inc/lvgl/src/extra/widgets/spinner/lv_spinner.o
 .text.arc_anim_start_angle
                0x000000000801df14        0x8 ./Core/Inc/lvgl/src/extra/widgets/spinner/lv_spinner.o
 .text.arc_anim_end_angle
                0x000000000801df1c        0x8 ./Core/Inc/lvgl/src/extra/widgets/spinner/lv_spinner.o
 .text.lv_tabview_destructor
                0x000000000801df24       0x74 ./Core/Inc/lvgl/src/extra/widgets/tabview/lv_tabview.o
 .text.lv_tabview_constructor
                0x000000000801df98      0x148 ./Core/Inc/lvgl/src/extra/widgets/tabview/lv_tabview.o
 .text.lv_tabview_set_act
                0x000000000801e0e0       0x94 ./Core/Inc/lvgl/src/extra/widgets/tabview/lv_tabview.o
                0x000000000801e0e0                lv_tabview_set_act
 .text.lv_tabview_event
                0x000000000801e174       0x34 ./Core/Inc/lvgl/src/extra/widgets/tabview/lv_tabview.o
 .text.cont_scroll_end_event_cb
                0x000000000801e1a8       0xb4 ./Core/Inc/lvgl/src/extra/widgets/tabview/lv_tabview.o
 .text.btns_value_changed_event_cb
                0x000000000801e25c       0x24 ./Core/Inc/lvgl/src/extra/widgets/tabview/lv_tabview.o
 .text.lv_tileview_constructor
                0x000000000801e280       0x3c ./Core/Inc/lvgl/src/extra/widgets/tileview/lv_tileview.o
 .text.tileview_event_cb
                0x000000000801e2bc       0xcc ./Core/Inc/lvgl/src/extra/widgets/tileview/lv_tileview.o
 .text.lv_tileview_tile_constructor
                0x000000000801e388       0x7c ./Core/Inc/lvgl/src/extra/widgets/tileview/lv_tileview.o
 .text.lv_win_constructor
                0x000000000801e404       0x7c ./Core/Inc/lvgl/src/extra/widgets/win/lv_win.o
 .text.lv_font_get_glyph_bitmap
                0x000000000801e480        0x4 ./Core/Inc/lvgl/src/font/lv_font.o
                0x000000000801e480                lv_font_get_glyph_bitmap
 .text.lv_font_get_glyph_dsc
                0x000000000801e484        0xc ./Core/Inc/lvgl/src/font/lv_font.o
                0x000000000801e484                lv_font_get_glyph_dsc
 .text.lv_font_get_glyph_width
                0x000000000801e490       0x1c ./Core/Inc/lvgl/src/font/lv_font.o
                0x000000000801e490                lv_font_get_glyph_width
 .text.kern_pair_8_compare
                0x000000000801e4ac       0x14 ./Core/Inc/lvgl/src/font/lv_font_fmt_txt.o
 .text.kern_pair_16_compare
                0x000000000801e4c0       0x14 ./Core/Inc/lvgl/src/font/lv_font_fmt_txt.o
 .text.unicode_list_compare
                0x000000000801e4d4        0x8 ./Core/Inc/lvgl/src/font/lv_font_fmt_txt.o
 .text.lv_font_get_bitmap_fmt_txt
                0x000000000801e4dc      0x118 ./Core/Inc/lvgl/src/font/lv_font_fmt_txt.o
                0x000000000801e4dc                lv_font_get_bitmap_fmt_txt
 .text.lv_font_get_glyph_dsc_fmt_txt
                0x000000000801e5f4      0x388 ./Core/Inc/lvgl/src/font/lv_font_fmt_txt.o
                0x000000000801e5f4                lv_font_get_glyph_dsc_fmt_txt
 .text._lv_font_clean_up_fmt_txt
                0x000000000801e97c        0x4 ./Core/Inc/lvgl/src/font/lv_font_fmt_txt.o
                0x000000000801e97c                _lv_font_clean_up_fmt_txt
 .text.lv_disp_drv_init
                0x000000000801e980       0x28 ./Core/Inc/lvgl/src/hal/lv_hal_disp.o
                0x000000000801e980                lv_disp_drv_init
 .text.lv_disp_draw_buf_init
                0x000000000801e9a8       0x1c ./Core/Inc/lvgl/src/hal/lv_hal_disp.o
                0x000000000801e9a8                lv_disp_draw_buf_init
 .text.lv_disp_drv_register
                0x000000000801e9c4      0x10c ./Core/Inc/lvgl/src/hal/lv_hal_disp.o
                0x000000000801e9c4                lv_disp_drv_register
 .text.lv_disp_get_default
                0x000000000801ead0        0xc ./Core/Inc/lvgl/src/hal/lv_hal_disp.o
                0x000000000801ead0                lv_disp_get_default
 .text.lv_disp_get_hor_res
                0x000000000801eadc       0x24 ./Core/Inc/lvgl/src/hal/lv_hal_disp.o
                0x000000000801eadc                lv_disp_get_hor_res
 .text.lv_disp_get_ver_res
                0x000000000801eb00       0x24 ./Core/Inc/lvgl/src/hal/lv_hal_disp.o
                0x000000000801eb00                lv_disp_get_ver_res
 .text.lv_disp_get_dpi
                0x000000000801eb24       0x1c ./Core/Inc/lvgl/src/hal/lv_hal_disp.o
                0x000000000801eb24                lv_disp_get_dpi
 .text.lv_disp_flush_ready
                0x000000000801eb40        0xc ./Core/Inc/lvgl/src/hal/lv_hal_disp.o
                0x000000000801eb40                lv_disp_flush_ready
 .text.lv_disp_get_next
                0x000000000801eb4c       0x14 ./Core/Inc/lvgl/src/hal/lv_hal_disp.o
                0x000000000801eb4c                lv_disp_get_next
 .text.lv_disp_get_draw_buf
                0x000000000801eb60        0x8 ./Core/Inc/lvgl/src/hal/lv_hal_disp.o
                0x000000000801eb60                lv_disp_get_draw_buf
 .text.lv_indev_drv_init
                0x000000000801eb68       0x20 ./Core/Inc/lvgl/src/hal/lv_hal_indev.o
                0x000000000801eb68                lv_indev_drv_init
 .text.lv_indev_drv_register
                0x000000000801eb88       0x4c ./Core/Inc/lvgl/src/hal/lv_hal_indev.o
                0x000000000801eb88                lv_indev_drv_register
 .text.lv_indev_get_next
                0x000000000801ebd4       0x14 ./Core/Inc/lvgl/src/hal/lv_hal_indev.o
                0x000000000801ebd4                lv_indev_get_next
 .text._lv_indev_read
                0x000000000801ebe8       0x40 ./Core/Inc/lvgl/src/hal/lv_hal_indev.o
                0x000000000801ebe8                _lv_indev_read
 .text.lv_tick_inc
                0x000000000801ec28       0x20 ./Core/Inc/lvgl/src/hal/lv_hal_tick.o
                0x000000000801ec28                lv_tick_inc
 .text.lv_tick_get
                0x000000000801ec48       0x1c ./Core/Inc/lvgl/src/hal/lv_hal_tick.o
                0x000000000801ec48                lv_tick_get
 .text.lv_tick_elaps
                0x000000000801ec64       0x24 ./Core/Inc/lvgl/src/hal/lv_hal_tick.o
                0x000000000801ec64                lv_tick_elaps
 .text.lv_anim_path_linear
                0x000000000801ec88       0x2c ./Core/Inc/lvgl/src/misc/lv_anim.o
                0x000000000801ec88                lv_anim_path_linear
 .text.anim_timer
                0x000000000801ecb4      0x1cc ./Core/Inc/lvgl/src/misc/lv_anim.o
 .text._lv_anim_core_init
                0x000000000801ee80       0x50 ./Core/Inc/lvgl/src/misc/lv_anim.o
                0x000000000801ee80                _lv_anim_core_init
 .text.lv_anim_init
                0x000000000801eed0       0x30 ./Core/Inc/lvgl/src/misc/lv_anim.o
                0x000000000801eed0                lv_anim_init
 .text.lv_anim_del
                0x000000000801ef00       0xa8 ./Core/Inc/lvgl/src/misc/lv_anim.o
                0x000000000801ef00                lv_anim_del
 .text.lv_anim_start
                0x000000000801efa8       0xb0 ./Core/Inc/lvgl/src/misc/lv_anim.o
                0x000000000801efa8                lv_anim_start
 .text.lv_anim_get
                0x000000000801f058       0x3c ./Core/Inc/lvgl/src/misc/lv_anim.o
                0x000000000801f058                lv_anim_get
 .text.lv_anim_speed_to_time
                0x000000000801f094       0x20 ./Core/Inc/lvgl/src/misc/lv_anim.o
                0x000000000801f094                lv_anim_speed_to_time
 .text.lv_anim_path_ease_out
                0x000000000801f0b4       0x3c ./Core/Inc/lvgl/src/misc/lv_anim.o
                0x000000000801f0b4                lv_anim_path_ease_out
 .text.lv_anim_path_ease_in_out
                0x000000000801f0f0       0x38 ./Core/Inc/lvgl/src/misc/lv_anim.o
                0x000000000801f0f0                lv_anim_path_ease_in_out
 .text.lv_anim_path_step
                0x000000000801f128       0x10 ./Core/Inc/lvgl/src/misc/lv_anim.o
                0x000000000801f128                lv_anim_path_step
 .text.lv_area_set
                0x000000000801f138       0x14 ./Core/Inc/lvgl/src/misc/lv_area.o
                0x000000000801f138                lv_area_set
 .text.lv_area_set_width
                0x000000000801f14c        0xc ./Core/Inc/lvgl/src/misc/lv_area.o
                0x000000000801f14c                lv_area_set_width
 .text.lv_area_set_height
                0x000000000801f158        0xc ./Core/Inc/lvgl/src/misc/lv_area.o
                0x000000000801f158                lv_area_set_height
 .text.lv_area_get_size
                0x000000000801f164       0x1c ./Core/Inc/lvgl/src/misc/lv_area.o
                0x000000000801f164                lv_area_get_size
 .text.lv_area_increase
                0x000000000801f180       0x24 ./Core/Inc/lvgl/src/misc/lv_area.o
                0x000000000801f180                lv_area_increase
 .text.lv_area_move
                0x000000000801f1a4       0x24 ./Core/Inc/lvgl/src/misc/lv_area.o
                0x000000000801f1a4                lv_area_move
 .text._lv_area_intersect
                0x000000000801f1c8       0x58 ./Core/Inc/lvgl/src/misc/lv_area.o
                0x000000000801f1c8                _lv_area_intersect
 .text._lv_area_join
                0x000000000801f220       0x48 ./Core/Inc/lvgl/src/misc/lv_area.o
                0x000000000801f220                _lv_area_join
 .text._lv_area_is_point_on
                0x000000000801f268      0x210 ./Core/Inc/lvgl/src/misc/lv_area.o
                0x000000000801f268                _lv_area_is_point_on
 .text._lv_area_is_on
                0x000000000801f478       0x3c ./Core/Inc/lvgl/src/misc/lv_area.o
                0x000000000801f478                _lv_area_is_on
 .text._lv_area_is_in
                0x000000000801f4b4       0x94 ./Core/Inc/lvgl/src/misc/lv_area.o
                0x000000000801f4b4                _lv_area_is_in
 .text._lv_area_is_out
                0x000000000801f548       0x9c ./Core/Inc/lvgl/src/misc/lv_area.o
                0x000000000801f548                _lv_area_is_out
 .text.lv_async_timer_cb
                0x000000000801f5e4       0x14 ./Core/Inc/lvgl/src/misc/lv_async.o
 .text.lv_async_call
                0x000000000801f5f8       0x3c ./Core/Inc/lvgl/src/misc/lv_async.o
                0x000000000801f5f8                lv_async_call
 .text.lv_color_fill
                0x000000000801f634      0x140 ./Core/Inc/lvgl/src/misc/lv_color.o
                0x000000000801f634                lv_color_fill
 .text.lv_color_darken
                0x000000000801f774       0x24 ./Core/Inc/lvgl/src/misc/lv_color.o
                0x000000000801f774                lv_color_darken
 .text.lv_color_hsv_to_rgb
                0x000000000801f798       0xf8 ./Core/Inc/lvgl/src/misc/lv_color.o
                0x000000000801f798                lv_color_hsv_to_rgb
 .text.lv_palette_main
                0x000000000801f890       0x18 ./Core/Inc/lvgl/src/misc/lv_color.o
                0x000000000801f890                lv_palette_main
 .text.lv_palette_lighten
                0x000000000801f8a8       0x24 ./Core/Inc/lvgl/src/misc/lv_color.o
                0x000000000801f8a8                lv_palette_lighten
 .text.lv_palette_darken
                0x000000000801f8cc       0x24 ./Core/Inc/lvgl/src/misc/lv_color.o
                0x000000000801f8cc                lv_palette_darken
 .text._lv_fs_init
                0x000000000801f8f0        0xc ./Core/Inc/lvgl/src/misc/lv_fs.o