lv_area.h:133:26:lv_area_get_width	0	static
lv_area.h:143:26:lv_area_get_height	0	static
lv_flex.c:528:13:place_content	16	static
lv_flex.c:567:19:get_next_item.isra.0	0	static
lv_flex.c:309:16:find_track_end	64	static
lv_flex.c:205:13:flex_update	168	static
lv_flex.c:89:6:lv_flex_init	8	static
lv_flex.c:120:6:lv_style_set_flex_flow	0	static
lv_flex.c:128:6:lv_style_set_flex_main_place	0	static
lv_flex.c:136:6:lv_style_set_flex_cross_place	0	static
lv_flex.c:144:6:lv_style_set_flex_track_place	0	static
lv_flex.c:152:6:lv_style_set_flex_grow	0	static
lv_flex.c:161:6:lv_obj_set_style_flex_flow	0	static
lv_flex.c:99:6:lv_obj_set_flex_flow	8	static
lv_flex.c:169:6:lv_obj_set_style_flex_main_place	0	static
lv_flex.c:177:6:lv_obj_set_style_flex_cross_place	0	static
lv_flex.c:185:6:lv_obj_set_style_flex_track_place	0	static
lv_flex.c:105:6:lv_obj_set_flex_align	16	static
lv_flex.c:193:6:lv_obj_set_style_flex_grow	0	static
lv_flex.c:113:6:lv_obj_set_flex_grow	8	static
