lv_anim.h:119:20:lv_anim_set_var	16	static
lv_anim.h:131:20:lv_anim_set_exec_cb	16	static
lv_anim.h:141:20:lv_anim_set_time	16	static
lv_anim.h:151:20:lv_anim_set_delay	16	static
lv_anim.h:220:20:lv_anim_set_ready_cb	16	static
lv_obj_style_gen.h:187:29:lv_obj_get_style_base_dir	24	static
lv_obj_tree.c:47:6:lv_obj_del	32	static
lv_obj_tree.c:85:6:lv_obj_clean	24	static
lv_obj_tree.c:109:6:lv_obj_del_delayed	88	static
lv_obj_tree.c:121:6:lv_obj_del_anim_ready_cb	16	static
lv_obj_tree.c:126:6:lv_obj_del_async	16	static
lv_obj_tree.c:132:6:lv_obj_set_parent	40	static
lv_obj_tree.c:198:6:lv_obj_move_foreground	32	static
lv_obj_tree.c:218:6:lv_obj_move_background	24	static
lv_obj_tree.c:238:6:lv_obj_swap	32	static
lv_obj_tree.c:263:12:lv_obj_get_screen	24	static
lv_obj_tree.c:278:13:lv_obj_get_disp	32	static
lv_obj_tree.c:299:12:lv_obj_get_parent	16	static
lv_obj_tree.c:307:12:lv_obj_get_child	24	static
lv_obj_tree.c:326:10:lv_obj_get_child_cnt	16	static
lv_obj_tree.c:333:10:lv_obj_get_child_id	24	static
lv_obj_tree.c:349:6:lv_obj_tree_walk	24	static
lv_obj_tree.c:358:13:lv_obj_del_async_cb	16	static
lv_obj_tree.c:365:13:obj_del_core	64	static
lv_obj_tree.c:431:31:walk_core	40	static
