lv_color.h:459:48:lv_color_mix	32	static
lv_anim.h:119:20:lv_anim_set_var	16	static
lv_anim.h:131:20:lv_anim_set_exec_cb	16	static
lv_anim.h:141:20:lv_anim_set_time	16	static
lv_anim.h:151:20:lv_anim_set_delay	16	static
lv_anim.h:162:20:lv_anim_set_values	24	static
lv_anim.h:189:20:lv_anim_set_path_cb	16	static
lv_anim.h:199:20:lv_anim_set_start_cb	16	static
lv_anim.h:220:20:lv_anim_set_ready_cb	16	static
lv_anim.h:270:20:lv_anim_set_early_apply	16	static
lv_bidi.h:129:20:lv_bidi_calculate_align	24	static
lv_mem.h:171:20:lv_memset_00	16	static
lv_obj_style_gen.h:1:26:lv_obj_get_style_width	24	static
lv_obj_style_gen.h:19:26:lv_obj_get_style_height	24	static
lv_obj_style_gen.h:145:45:lv_obj_get_style_color_filter_dsc	24	static
lv_obj_style_gen.h:151:24:lv_obj_get_style_color_filter_opa	24	static
lv_obj_style_gen.h:187:29:lv_obj_get_style_base_dir	24	static
lv_obj_style_gen.h:355:31:lv_obj_get_style_text_align	24	static
lv_obj_style.c:71:6:_lv_obj_style_init	8	static
lv_obj_style.c:76:6:lv_obj_add_style	32	static
lv_obj_style.c:106:6:lv_obj_remove_style	56	static
lv_obj_style.c:154:6:lv_obj_report_style_change	24	static
lv_obj_style.c:168:6:lv_obj_refresh_style	32	static
lv_obj_style.c:207:6:lv_obj_enable_style_refresh	16	static
lv_obj_style.c:212:18:lv_obj_get_style_prop	40	static
lv_obj_style.c:257:6:lv_obj_set_local_style_prop	32	static
lv_obj_style.c:265:10:lv_obj_get_local_style_prop	32	static
lv_obj_style.c:279:6:lv_obj_remove_local_style_prop	32	static
lv_obj_style.c:298:6:_lv_obj_style_create_transition	112	static
lv_obj_style.c:356:23:_lv_obj_style_state_compare	48	static
lv_obj_style.c:425:6:lv_obj_fade_in	96	static
lv_obj_style.c:438:6:lv_obj_fade_out	96	static
lv_obj_style.c:450:12:lv_obj_style_get_selector_state	16	static
lv_obj_style.c:455:11:lv_obj_style_get_selector_part	16	static
lv_obj_style.c:461:17:lv_obj_calculate_style_text_align	32	static
lv_obj_style.c:481:21:get_local_style	32	static
lv_obj_style.c:519:26:get_trans_style	32	static
lv_obj_style.c:545:13:get_prop_core	72	static
lv_obj_style.c:607:25:apply_color_filter	32	static
lv_obj_style.c:623:13:report_style_change_core	24	static
lv_obj_style.c:644:13:refresh_children_style	32	static
lv_obj_style.c:667:13:trans_del	40	static
lv_obj_style.c:699:13:trans_anim_cb	40	static
lv_obj_style.c:761:13:trans_anim_start_cb	40	static
lv_obj_style.c:782:13:trans_anim_ready_cb	48	static
lv_obj_style.c:820:13:fade_anim_cb	16	static
lv_obj_style.c:825:13:fade_in_anim_ready	16	static
