lv_obj_style_gen.h:91:26:lv_obj_get_style_pad_top	24	static
lv_obj_style_gen.h:97:26:lv_obj_get_style_pad_bottom	24	static
lv_obj_style_gen.h:103:26:lv_obj_get_style_pad_left	24	static
lv_obj_style_gen.h:109:26:lv_obj_get_style_pad_right	24	static
lv_obj_style_gen.h:499:26:lv_obj_get_style_arc_width	24	static
lv_obj_style_gen.h:505:20:lv_obj_get_style_arc_rounded	24	static
lv_arc.c:65:12:lv_arc_create	24	static
lv_arc.c:90:6:lv_arc_set_start_angle	24	static
lv_arc.c:106:6:lv_arc_set_end_angle	24	static
lv_arc.c:123:6:lv_arc_set_angles	24	static
lv_arc.c:143:6:lv_arc_set_bg_start_angle	24	static
lv_arc.c:161:6:lv_arc_set_bg_end_angle	24	static
lv_arc.c:179:6:lv_arc_set_bg_angles	24	static
lv_arc.c:201:6:lv_arc_set_rotation	24	static
lv_arc.c:216:6:lv_arc_set_mode	32	static
lv_arc.c:250:6:lv_arc_set_value	24	static
lv_arc.c:273:6:lv_arc_set_range	24	static
lv_arc.c:299:6:lv_arc_set_change_rate	24	static
lv_arc.c:316:10:lv_arc_get_angle_start	16	static
lv_arc.c:327:11:lv_arc_get_angle_end	16	static
lv_arc.c:338:10:lv_arc_get_bg_angle_start	16	static
lv_arc.c:349:10:lv_arc_get_bg_angle_end	16	static
lv_arc.c:361:9:lv_arc_get_value	16	static
lv_arc.c:372:9:lv_arc_get_min_value	16	static
lv_arc.c:383:9:lv_arc_get_max_value	16	static
lv_arc.c:394:15:lv_arc_get_mode	16	static
lv_arc.c:412:13:lv_arc_constructor	24	static
lv_arc.c:443:13:lv_arc_event	128	static
lv_arc.c:608:13:lv_arc_draw	216	static
lv_arc.c:689:13:inv_arc_area	88	static
lv_arc.c:734:13:get_center	48	static
lv_arc.c:752:13:get_knob_area	64	static
lv_arc.c:791:13:value_update	48	static
