lv_area.h:120:20:lv_area_copy	16	static
lv_color.h:459:48:lv_color_mix	32	static
lv_color.h:615:26:lv_color_make	16	static
lv_color.h:620:26:lv_color_hex	16	static
lv_color.h:687:26:lv_color_white	8	static
lv_mem.h:139:22:lv_memcpy	24	static
lv_mem.h:161:20:lv_memset	24	static
lv_mem.h:171:20:lv_memset_00	16	static
lv_obj_style_gen.h:367:26:lv_obj_get_style_img_recolor	24	static
lv_canvas.c:50:12:lv_canvas_create	24	static
lv_canvas.c:62:6:lv_canvas_set_buffer	32	static
lv_canvas.c:77:6:lv_canvas_set_px	32	static
lv_canvas.c:87:6:lv_canvas_set_palette	24	static
lv_canvas.c:101:12:lv_canvas_get_px	24	static
lv_canvas.c:111:16:lv_canvas_get_img	24	static
lv_canvas.c:123:6:lv_canvas_copy_buf	48	static
lv_canvas.c:146:6:lv_canvas_transform	152	static
lv_canvas.c:249:6:lv_canvas_blur_hor	104	static
lv_canvas.c:377:6:lv_canvas_blur_ver	104	static
lv_canvas.c:510:6:lv_canvas_fill_bg	40	static
lv_canvas.c:539:6:lv_canvas_draw_rect	496	static
lv_canvas.c:600:6:lv_canvas_draw_text	504	static
lv_canvas.c:654:6:lv_canvas_draw_img	504	static
lv_canvas.c:715:6:lv_canvas_draw_line	496	static
lv_canvas.c:772:6:lv_canvas_draw_polygon	488	static
lv_canvas.c:827:6:lv_canvas_draw_arc	504	static
lv_canvas.c:897:13:lv_canvas_constructor	24	static
lv_canvas.c:916:13:lv_canvas_destructor	24	static
