lv_font.h:118:26:lv_font_get_line_height	16	static
lv_obj_style_gen.h:85:26:lv_obj_get_style_transform_angle	24	static
lv_obj_style_gen.h:91:26:lv_obj_get_style_pad_top	24	static
lv_obj_style_gen.h:97:26:lv_obj_get_style_pad_bottom	24	static
lv_obj_style_gen.h:103:26:lv_obj_get_style_pad_left	24	static
lv_obj_style_gen.h:109:26:lv_obj_get_style_pad_right	24	static
lv_obj_style_gen.h:187:29:lv_obj_get_style_base_dir	24	static
lv_obj_style_gen.h:295:26:lv_obj_get_style_border_width	24	static
lv_obj_style_gen.h:331:33:lv_obj_get_style_text_font	24	static
lv_obj_style_gen.h:343:26:lv_obj_get_style_text_line_space	24	static
lv_dropdown.c:91:12:lv_dropdown_create	24	static
lv_dropdown.c:103:6:lv_dropdown_set_text	24	static
lv_dropdown.c:114:6:lv_dropdown_set_options	32	static
lv_dropdown.c:158:6:lv_dropdown_set_options_static	24	static
lv_dropdown.c:184:6:lv_dropdown_add_option	72	static
lv_dropdown.c:254:6:lv_dropdown_clear_options	24	static
lv_dropdown.c:270:6:lv_dropdown_set_selected	24	static
lv_dropdown.c:283:6:lv_dropdown_set_dir	24	static
lv_dropdown.c:295:6:lv_dropdown_set_symbol	24	static
lv_dropdown.c:304:6:lv_dropdown_set_selected_highlight	24	static
lv_dropdown.c:317:12:lv_dropdown_get_list	24	static
lv_dropdown.c:326:14:lv_dropdown_get_text	24	static
lv_dropdown.c:334:14:lv_dropdown_get_options	24	static
lv_dropdown.c:342:10:lv_dropdown_get_selected	24	static
lv_dropdown.c:351:10:lv_dropdown_get_option_cnt	24	static
lv_dropdown.c:360:6:lv_dropdown_get_selected_str	48	static
lv_dropdown.c:386:14:lv_dropdown_get_symbol	24	static
lv_dropdown.c:393:6:lv_dropdown_get_selected_highlight	24	static
lv_dropdown.c:400:10:lv_dropdown_get_dir	24	static
lv_dropdown.c:411:6:lv_dropdown_open	64	static
lv_dropdown.c:513:6:lv_dropdown_close	24	static
lv_dropdown.c:528:19:lv_dropdown_list_create	24	static
lv_dropdown.c:536:13:lv_dropdown_constructor	24	static
lv_dropdown.c:562:13:lv_dropdown_destructor	24	static
lv_dropdown.c:578:13:lv_dropdownlist_constructor	16	static
lv_dropdown.c:589:13:lv_dropdownlist_destructor	32	static
lv_dropdown.c:598:13:lv_dropdown_event	56	static
lv_dropdown.c:688:13:lv_dropdown_list_event	32	static
lv_dropdown.c:724:13:draw_main	200	static
lv_dropdown.c:831:13:draw_list	48	static
lv_dropdown.c:865:13:draw_box	112	static
lv_dropdown.c:903:13:draw_box_label	112	static
lv_dropdown.c:946:17:btn_release_handler	32	static
lv_dropdown.c:982:17:list_release_handler	48	static
lv_dropdown.c:1018:13:list_press_handler	40	static
lv_dropdown.c:1033:17:get_id_on_point	40	static
lv_dropdown.c:1057:13:position_to_selected	48	static
lv_dropdown.c:1077:19:get_label	24	static
