lv_btnmatrix.c:367:13:lv_btnmatrix_destructor	8	static
lv_obj_style_gen.h:121:26:lv_obj_get_style_pad_column.constprop	8	static
lv_btnmatrix.c:931:13:invalidate_button_area	40	static
lv_btnmatrix.c:878:17:get_button_from_point	88	static
lv_btnmatrix.c:92:6:lv_btnmatrix_set_map.part.3	136	static
lv_btnmatrix.c:350:13:lv_btnmatrix_constructor	0	static
lv_btnmatrix.c:629:13:draw_main	336	static
lv_btnmatrix.c:80:12:lv_btnmatrix_create	8	static
lv_btnmatrix.c:92:6:lv_btnmatrix_set_map	0	static
lv_btnmatrix.c:186:6:lv_btnmatrix_set_ctrl_map	8	static
lv_btnmatrix.c:196:6:lv_btnmatrix_set_selected_btn	16	static
lv_btnmatrix.c:225:6:lv_btnmatrix_clear_btn_ctrl	8	static
lv_btnmatrix.c:248:6:lv_btnmatrix_clear_btn_ctrl_all	16	static
lv_btnmatrix.c:209:6:lv_btnmatrix_set_btn_ctrl	16	static
lv_btnmatrix.c:237:6:lv_btnmatrix_set_btn_ctrl_all	16	static
lv_btnmatrix.c:259:6:lv_btnmatrix_set_btn_width	8	static
lv_btnmatrix.c:286:15:lv_btnmatrix_get_map	0	static
lv_btnmatrix.c:294:10:lv_btnmatrix_get_selected_btn	0	static
lv_btnmatrix.c:302:14:lv_btnmatrix_get_btn_text	32	static
lv_btnmatrix.c:327:6:lv_btnmatrix_has_btn_ctrl	0	static
lv_btnmatrix.c:967:13:make_one_button_checked	16	static
lv_btnmatrix.c:379:13:lv_btnmatrix_event	40	static
lv_btnmatrix.c:271:6:lv_btnmatrix_set_one_checked	0	static
lv_btnmatrix.c:337:6:lv_btnmatrix_get_one_checked	0	static
