lv_dropdown.c:589:13:lv_dropdownlist_destructor	0	static
lv_dropdown.c:1077:19:get_label	0	static
lv_dropdown.c:578:13:lv_dropdownlist_constructor	8	static
lv_dropdown.c:562:13:lv_dropdown_destructor	16	static
lv_dropdown.c:1033:17:get_id_on_point	24	static
lv_dropdown.c:865:13:draw_box.part.2	104	static
lv_dropdown.c:903:13:draw_box_label	80	static
lv_dropdown.c:1057:13:position_to_selected	16	static
lv_dropdown.c:91:12:lv_dropdown_create	8	static
lv_dropdown.c:103:6:lv_dropdown_set_text	0	static
lv_dropdown.c:114:6:lv_dropdown_set_options	24	static
lv_dropdown.c:158:6:lv_dropdown_set_options_static	16	static
lv_dropdown.c:536:13:lv_dropdown_constructor	8	static
lv_dropdown.c:184:6:lv_dropdown_add_option	32	static
lv_dropdown.c:254:6:lv_dropdown_clear_options	8	static
lv_dropdown.c:270:6:lv_dropdown_set_selected	0	static
lv_dropdown.c:283:6:lv_dropdown_set_dir	4	static
lv_dropdown.c:295:6:lv_dropdown_set_symbol	0	static
lv_dropdown.c:304:6:lv_dropdown_set_selected_highlight	0	static
lv_dropdown.c:317:12:lv_dropdown_get_list	0	static
lv_dropdown.c:326:14:lv_dropdown_get_text	0	static
lv_dropdown.c:334:14:lv_dropdown_get_options	0	static
lv_dropdown.c:342:10:lv_dropdown_get_selected	0	static
lv_dropdown.c:351:10:lv_dropdown_get_option_cnt	0	static
lv_dropdown.c:360:6:lv_dropdown_get_selected_str	24	static
lv_dropdown.c:386:14:lv_dropdown_get_symbol	0	static
lv_dropdown.c:393:6:lv_dropdown_get_selected_highlight	0	static
lv_dropdown.c:400:10:lv_dropdown_get_dir	0	static
lv_dropdown.c:411:6:lv_dropdown_open	32	static
lv_dropdown.c:513:6:lv_dropdown_close	8	static
lv_dropdown.c:946:17:btn_release_handler	24	static
lv_dropdown.c:598:13:lv_dropdown_event	152	static
lv_dropdown.c:688:13:lv_dropdown_list_event	32	static
