lv_img.c:382:13:lv_img_constructor	16	static
lv_img.c:409:13:lv_img_destructor	8	static
lv_obj_style_gen.h:85:26:lv_obj_get_style_transform_angle.constprop	8	static
lv_obj_style_gen.h:79:26:lv_obj_get_style_transform_zoom.constprop	8	static
lv_img.c:420:19:lv_img_get_tranformed_size	40	static
lv_img.c:57:12:lv_img_create	8	static
lv_img.c:69:6:lv_img_set_src	48	static
lv_img.c:436:13:lv_img_event	144	static
lv_img.c:162:6:lv_img_set_offset_x	4	static
lv_img.c:174:6:lv_img_set_offset_y	4	static
lv_img.c:186:6:lv_img_set_angle	48	static
lv_img.c:219:6:lv_img_set_pivot	56	static
lv_img.c:252:6:lv_img_set_zoom	48	static
lv_img.c:285:6:lv_img_set_antialias	0	static
lv_img.c:294:6:lv_img_set_size_mode	4	static
lv_img.c:308:14:lv_img_get_src	0	static
lv_img.c:317:12:lv_img_get_offset_x	0	static
lv_img.c:326:12:lv_img_get_offset_y	0	static
lv_img.c:335:10:lv_img_get_angle	0	static
lv_img.c:344:6:lv_img_get_pivot	0	static
lv_img.c:353:10:lv_img_get_zoom	0	static
lv_img.c:362:6:lv_img_get_antialias	0	static
lv_img.c:371:20:lv_img_get_size_mode	0	static
