lv_roller.c:758:13:set_y_anim	0	static
lv_roller.c:549:13:get_sel_area	32	static
lv_roller.c:704:13:inf_normalize.part.0	24	static
lv_roller.c:751:13:scroll_anim_ready_cb	8	static
lv_roller.c:573:13:refr_position	104	static
lv_roller.c:291:13:lv_roller_constructor	24	static
lv_roller.c:415:13:lv_roller_label_event	96	static
lv_roller.c:78:12:lv_roller_create	8	static
lv_roller.c:96:6:lv_roller_set_options	48	static
lv_roller.c:152:6:lv_roller_set_selected	8	static
lv_roller.c:312:13:lv_roller_event	152	static
lv_roller.c:188:6:lv_roller_set_visible_row_count	24	static
lv_roller.c:207:10:lv_roller_get_selected	0	static
lv_roller.c:227:6:lv_roller_get_selected_str	24	static
lv_roller.c:260:14:lv_roller_get_options	8	static
lv_roller.c:273:10:lv_roller_get_option_cnt	0	static
