lv_textarea.c:943:13:pwd_char_hider_anim	0	static
lv_textarea.c:833:13:lv_textarea_destructor	8	static
lv_textarea.c:1029:13:start_cursor_blink	88	static
lv_obj_style_gen.h:331:33:lv_obj_get_style_text_font.constprop	8	static
lv_textarea.c:921:13:cursor_blink_anim_cb	32	static
lv_textarea.c:1050:13:refr_cursor_area	72	static
lv_textarea.c:963:13:pwd_char_hider	48	static
lv_textarea.c:953:13:pwd_char_hider_anim_ready	0	static
lv_textarea.c:84:12:lv_textarea_create	8	static
lv_textarea.c:350:6:lv_textarea_set_placeholder_text	16	static
lv_textarea.c:386:6:lv_textarea_set_cursor_pos	48	static
lv_textarea.c:799:13:lv_textarea_constructor	16	static
lv_textarea.c:441:6:lv_textarea_set_cursor_click_pos	0	static
lv_textarea.c:482:6:lv_textarea_set_one_line	16	static
lv_textarea.c:504:6:lv_textarea_set_accepted_chars	0	static
lv_textarea.c:513:6:lv_textarea_set_max_length	0	static
lv_textarea.c:522:6:lv_textarea_set_insert_replace	0	static
lv_textarea.c:546:6:lv_textarea_set_password_show_time	0	static
lv_textarea.c:554:6:lv_textarea_set_align	16	static
lv_textarea.c:576:14:lv_textarea_get_text	0	static
lv_textarea.c:593:14:lv_textarea_get_placeholder_text	0	static
lv_textarea.c:602:12:lv_textarea_get_label	0	static
lv_textarea.c:610:10:lv_textarea_get_cursor_pos	0	static
lv_textarea.c:618:6:lv_textarea_get_cursor_click_pos	0	static
lv_textarea.c:626:6:lv_textarea_get_password_mode	0	static
lv_textarea.c:634:6:lv_textarea_get_one_line	0	static
lv_textarea.c:642:14:lv_textarea_get_accepted_chars	0	static
lv_textarea.c:651:10:lv_textarea_get_max_length	0	static
lv_textarea.c:659:6:lv_textarea_text_is_selected	16	static
lv_textarea.c:679:6:lv_textarea_get_text_selection	0	static
lv_textarea.c:692:10:lv_textarea_get_password_show_time	0	static
lv_textarea.c:705:6:lv_textarea_clear_selection	16	static
lv_textarea.c:170:6:lv_textarea_add_text	96	static
lv_textarea.c:1250:17:insert_handler	24	static
lv_textarea.c:96:6:lv_textarea_add_char	112	static
lv_textarea.c:232:6:lv_textarea_del_char	24	static
lv_textarea.c:277:6:lv_textarea_del_char_forward	16	static
lv_textarea.c:290:6:lv_textarea_set_text	96	static
lv_textarea.c:449:6:lv_textarea_set_password_mode	16	static
lv_textarea.c:530:6:lv_textarea_set_text_selection	0	static
lv_textarea.c:722:6:lv_textarea_cursor_right	0	static
lv_textarea.c:731:6:lv_textarea_cursor_left	0	static
lv_textarea.c:742:6:lv_textarea_cursor_down	24	static
lv_textarea.c:771:6:lv_textarea_cursor_up	24	static
lv_textarea.c:848:13:lv_textarea_event	136	static
